Component: ARM Compiler 5.06 update 2 (build 183) Tool: armlink [4d35b7]

==============================================================================

Section Cross References

    main.o(.text) refers to _printf_percent.o(.ARM.Collect$$_printf_percent$$00000000) for _printf_percent
    main.o(.text) refers to _printf_c.o(.ARM.Collect$$_printf_percent$$00000013) for _printf_c
    main.o(.text) refers to _printf_str.o(.text) for _printf_str
    main.o(.text) refers to _printf_x.o(.ARM.Collect$$_printf_percent$$0000000C) for _printf_x
    main.o(.text) refers to _printf_hex_int.o(.text) for _printf_longlong_hex
    main.o(.text) refers to noretval__2printf.o(.text) for __2printf
    main.o(.text) refers to delay.o(.text) for delay_ms
    main.o(.text) refers to 24cxx.o(.text) for AT24CXX_Check
    main.o(.text) refers to key.o(.text) for KEY_Scan
    main.o(.text) refers to misc.o(.text) for NVIC_PriorityGroupConfig
    main.o(.text) refers to usart.o(.text) for uart_init
    main.o(.text) refers to led.o(.text) for LED_Init
    main.o(.text) refers to bmp180.o(.text) for Read_CalibrationData
    main.o(.text) refers to main.o(.constdata) for TEXT_Buffer
    main.o(.text) refers to main.o(.data) for BMP180_ID
    system_stm32f10x.o(.text) refers to system_stm32f10x.o(.data) for SystemCoreClock
    led.o(.text) refers to stm32f10x_rcc.o(.text) for RCC_APB2PeriphClockCmd
    led.o(.text) refers to stm32f10x_gpio.o(.text) for GPIO_Init
    24cxx.o(.text) refers to myiic.o(.text) for IIC_Init
    24cxx.o(.text) refers to delay.o(.text) for delay_ms
    myiic.o(.text) refers to stm32f10x_rcc.o(.text) for RCC_APB2PeriphClockCmd
    myiic.o(.text) refers to stm32f10x_gpio.o(.text) for GPIO_Init
    myiic.o(.text) refers to delay.o(.text) for delay_us
    key.o(.text) refers to stm32f10x_rcc.o(.text) for RCC_APB2PeriphClockCmd
    key.o(.text) refers to stm32f10x_gpio.o(.text) for GPIO_Init
    key.o(.text) refers to delay.o(.text) for delay_ms
    key.o(.text) refers to key.o(.data) for key_up
    bmp180.o(.text) refers to _printf_percent.o(.ARM.Collect$$_printf_percent$$00000000) for _printf_percent
    bmp180.o(.text) refers to _printf_d.o(.ARM.Collect$$_printf_percent$$00000009) for _printf_d
    bmp180.o(.text) refers to _printf_dec.o(.text) for _printf_int_dec
    bmp180.o(.text) refers to _printf_f.o(.ARM.Collect$$_printf_percent$$00000003) for _printf_f
    bmp180.o(.text) refers to printf1.o(x$fpl$printf1) for _printf_fp_dec
    bmp180.o(.text) refers to myiic.o(.text) for IIC_Init
    bmp180.o(.text) refers to noretval__2printf.o(.text) for __2printf
    bmp180.o(.text) refers to delay.o(.text) for delay_ms
    bmp180.o(.text) refers to dflt_clz.o(x$fpl$dflt) for __aeabi_i2d
    bmp180.o(.text) refers to ddiv.o(x$fpl$ddiv) for __aeabi_ddiv
    bmp180.o(.text) refers to d2f.o(x$fpl$d2f) for __aeabi_d2f
    bmp180.o(.text) refers to f2d.o(x$fpl$f2d) for __aeabi_f2d
    bmp180.o(.text) refers to dmul.o(x$fpl$dmul) for __aeabi_dmul
    bmp180.o(.text) refers to dfix.o(x$fpl$dfix) for __aeabi_d2iz
    bmp180.o(.text) refers to fflt_clz.o(x$fpl$fflt) for __aeabi_i2f
    bmp180.o(.text) refers to pow.o(i.pow) for pow
    bmp180.o(.text) refers to daddsub_clz.o(x$fpl$drsb) for __aeabi_drsub
    bmp180.o(.text) refers to bmp180.o(.data) for AC1
    delay.o(.text) refers to misc.o(.text) for SysTick_CLKSourceConfig
    delay.o(.text) refers to system_stm32f10x.o(.data) for SystemCoreClock
    delay.o(.text) refers to delay.o(.data) for fac_us
    usart.o(.text) refers (Special) to use_no_semi_2.o(.text) for __use_no_semihosting
    usart.o(.text) refers to stm32f10x_rcc.o(.text) for RCC_APB1PeriphClockCmd
    usart.o(.text) refers to stm32f10x_gpio.o(.text) for GPIO_Init
    usart.o(.text) refers to misc.o(.text) for NVIC_Init
    usart.o(.text) refers to stm32f10x_usart.o(.text) for USART_Init
    usart.o(.text) refers to usart.o(.data) for USART_RX_STA
    usart.o(.text) refers to usart.o(.bss) for USART_RX_BUF
    usart.o(.bss) refers (Special) to use_no_semi_2.o(.text) for __use_no_semihosting
    usart.o(.data) refers (Special) to use_no_semi_2.o(.text) for __use_no_semihosting
    startup_stm32f10x_hd.o(STACK) refers (Special) to heapauxi.o(.text) for __use_two_region_memory
    startup_stm32f10x_hd.o(HEAP) refers (Special) to heapauxi.o(.text) for __use_two_region_memory
    startup_stm32f10x_hd.o(RESET) refers (Special) to heapauxi.o(.text) for __use_two_region_memory
    startup_stm32f10x_hd.o(RESET) refers to startup_stm32f10x_hd.o(STACK) for __initial_sp
    startup_stm32f10x_hd.o(RESET) refers to startup_stm32f10x_hd.o(.text) for Reset_Handler
    startup_stm32f10x_hd.o(RESET) refers to stm32f10x_it.o(.text) for NMI_Handler
    startup_stm32f10x_hd.o(RESET) refers to usart.o(.text) for USART2_IRQHandler
    startup_stm32f10x_hd.o(.text) refers (Special) to heapauxi.o(.text) for __use_two_region_memory
    startup_stm32f10x_hd.o(.text) refers to system_stm32f10x.o(.text) for SystemInit
[...]
    ../clib/printf.c                         0x00000000   Number         0  __printf_wp.o ABSOLUTE
    ../clib/printf.c                         0x00000000   Number         0  __printf_flags_wp.o ABSOLUTE
    ../clib/printf.c                         0x00000000   Number         0  __printf_ss_wp.o ABSOLUTE
    ../clib/printf.c                         0x00000000   Number         0  __printf_flags_ss_wp.o ABSOLUTE
    ../clib/printf.c                         0x00000000   Number         0  __printf_nopercent.o ABSOLUTE
    ../clib/printf.c                         0x00000000   Number         0  _printf_fp_infnan.o ABSOLUTE
    ../clib/printf.c                         0x00000000   Number         0  _printf_char_common.o ABSOLUTE
    ../clib/printf.c                         0x00000000   Number         0  __2printf.o ABSOLUTE
    ../clib/printf.c                         0x00000000   Number         0  noretval__2printf.o ABSOLUTE
    ../clib/printf.c                         0x00000000   Number         0  __printf.o ABSOLUTE
    ../clib/printf.c                         0x00000000   Number         0  _printf_str.o ABSOLUTE
    ../clib/printf.c                         0x00000000   Number         0  _printf_dec.o ABSOLUTE
    ../clib/printf_percent.s                 0x00000000   Number         0  _printf_percent_end.o ABSOLUTE
    ../clib/printf_percent.s                 0x00000000   Number         0  _printf_f.o ABSOLUTE
    ../clib/printf_percent.s                 0x00000000   Number         0  _printf_percent.o ABSOLUTE
    ../clib/printf_percent.s                 0x00000000   Number         0  _printf_c.o ABSOLUTE
    ../clib/printf_percent.s                 0x00000000   Number         0  _printf_x.o ABSOLUTE
    ../clib/printf_percent.s                 0x00000000   Number         0  _printf_d.o ABSOLUTE
    ../clib/signal.c                         0x00000000   Number         0  defsig_cppl_inner.o ABSOLUTE
    ../clib/signal.c                         0x00000000   Number         0  defsig_general.o ABSOLUTE
    ../clib/signal.c                         0x00000000   Number         0  defsig_abrt_inner.o ABSOLUTE
    ../clib/signal.c                         0x00000000   Number         0  defsig_pvfn_inner.o ABSOLUTE
    ../clib/signal.c                         0x00000000   Number         0  defsig_fpe_inner.o ABSOLUTE
    ../clib/signal.c                         0x00000000   Number         0  defsig_rtmem_outer.o ABSOLUTE
    ../clib/signal.c                         0x00000000   Number         0  defsig_stak_inner.o ABSOLUTE
    ../clib/signal.c                         0x00000000   Number         0  defsig_rtred_inner.o ABSOLUTE
    ../clib/signal.c                         0x00000000   Number         0  defsig_exit.o ABSOLUTE
    ../clib/signal.c                         0x00000000   Number         0  defsig_rtmem_formal.o ABSOLUTE
    ../clib/signal.c                         0x00000000   Number         0  defsig_other.o ABSOLUTE
    ../clib/signal.c                         0x00000000   Number         0  __raise.o ABSOLUTE
    ../clib/signal.c                         0x00000000   Number         0  defsig_rtmem_inner.o ABSOLUTE
    ../clib/signal.c                         0x00000000   Number         0  defsig_segv_inner.o ABSOLUTE
    ../clib/signal.s                         0x00000000   Number         0  defsig.o ABSOLUTE
    ../clib/stdio.c                          0x00000000   Number         0  ferror.o ABSOLUTE
    ../clib/stdio.c                          0x00000000   Number         0  ferror_locked.o ABSOLUTE
    ../clib/stdlib.c                         0x00000000   Number         0  exit.o ABSOLUTE
    ../fplib/d2f.s                           0x00000000   Number         0  d2f.o ABSOLUTE
    ../fplib/daddsub.s                       0x00000000   Number         0  daddsub_clz.o ABSOLUTE
    ../fplib/dcheck1.s                       0x00000000   Number         0  dcheck1.o ABSOLUTE
    ../fplib/dcmpi.s                         0x00000000   Number         0  dcmpi.o ABSOLUTE
    ../fplib/ddiv.s                          0x00000000   Number         0  ddiv.o ABSOLUTE
    ../fplib/dfix.s                          0x00000000   Number         0  dfix.o ABSOLUTE
    ../fplib/dflt.s                          0x00000000   Number         0  dflt_clz.o ABSOLUTE
    ../fplib/dleqf.s                         0x00000000   Number         0  dleqf.o ABSOLUTE
    ../fplib/dmul.s                          0x00000000   Number         0  dmul.o ABSOLUTE
    ../fplib/dnaninf.s                       0x00000000   Number         0  dnaninf.o ABSOLUTE
    ../fplib/dretinf.s                       0x00000000   Number         0  dretinf.o ABSOLUTE
    ../fplib/drleqf.s                        0x00000000   Number         0  drleqf.o ABSOLUTE
    ../fplib/dsqrt.s                         0x00000000   Number         0  dsqrt_noumaal.o ABSOLUTE
    ../fplib/f2d.s                           0x00000000   Number         0  f2d.o ABSOLUTE
    ../fplib/fflt.s                          0x00000000   Number         0  fflt_clz.o ABSOLUTE
    ../fplib/fnaninf.s                       0x00000000   Number         0  fnaninf.o ABSOLUTE
    ../fplib/fpinit.s                        0x00000000   Number         0  fpinit.o ABSOLUTE
    ../fplib/fretinf.s                       0x00000000   Number         0  fretinf.o ABSOLUTE
    ../fplib/istatus.s                       0x00000000   Number         0  istatus.o ABSOLUTE
    ../fplib/printf1.s                       0x00000000   Number         0  printf1.o ABSOLUTE
    ../fplib/retnan.s                        0x00000000   Number         0  retnan.o ABSOLUTE
    ../fplib/scalbn.s                        0x00000000   Number         0  scalbn.o ABSOLUTE
    ../fplib/trapv.s                         0x00000000   Number         0  trapv.o ABSOLUTE
    ../fplib/usenofp.s                       0x00000000   Number         0  usenofp.o ABSOLUTE
    ../mathlib/dunder.c                      0x00000000   Number         0  dunder.o ABSOLUTE
    ../mathlib/fpclassify.c                  0x00000000   Number         0  fpclassify.o ABSOLUTE
    ../mathlib/poly.c                        0x00000000   Number         0  poly.o ABSOLUTE
    ../mathlib/pow.c                         0x00000000   Number         0  pow.o ABSOLUTE
    ../mathlib/pow.c                         0x00000000   Number         0  pow_x.o ABSOLUTE
    ../mathlib/qnan.c                        0x00000000   Number         0  qnan.o ABSOLUTE
    ../mathlib/sqrt.c                        0x00000000   Number         0  sqrt.o ABSOLUTE
    ../mathlib/sqrt.c                        0x00000000   Number         0  sqrt_x.o ABSOLUTE
    ..\CORE\core_cm3.c                       0x00000000   Number         0  core_cm3.o ABSOLUTE
    ..\CORE\startup_stm32f10x_hd.s           0x00000000   Number         0  startup_stm32f10x_hd.o ABSOLUTE
    ..\HARDWARE\24CXX\24cxx.c                0x00000000   Number         0  24cxx.o ABSOLUTE
    ..\HARDWARE\BMP180\BMP180.c              0x00000000   Number         0  bmp180.o ABSOLUTE
    ..\HARDWARE\IIC\myiic.c                  0x00000000   Number         0  myiic.o ABSOLUTE
    ..\HARDWARE\KEY\key.c                    0x00000000   Number         0  key.o ABSOLUTE
    ..\HARDWARE\LED\led.c                    0x00000000   Number         0  led.o ABSOLUTE
    ..\STM32F10x_FWLib\src\misc.c            0x00000000   Number         0  misc.o ABSOLUTE
    ..\STM32F10x_FWLib\src\stm32f10x_gpio.c  0x00000000   Number         0  stm32f10x_gpio.o ABSOLUTE
    ..\STM32F10x_FWLib\src\stm32f10x_rcc.c   0x00000000   Number         0  stm32f10x_rcc.o ABSOLUTE
    ..\STM32F10x_FWLib\src\stm32f10x_usart.c 0x00000000   Number         0  stm32f10x_usart.o ABSOLUTE
    ..\SYSTEM\delay\delay.c                  0x00000000   Number         0  delay.o ABSOLUTE
    ..\SYSTEM\sys\sys.c                      0x00000000   Number         0  sys.o ABSOLUTE
    ..\SYSTEM\usart\usart.c                  0x00000000   Number         0  usart.o ABSOLUTE
    ..\\CORE\\core_cm3.c                     0x00000000   Number         0  core_cm3.o ABSOLUTE
    ..\\SYSTEM\\sys\\sys.c                   0x00000000   Number         0  sys.o ABSOLUTE
    dc.s                                     0x00000000   Number         0  dc.o ABSOLUTE
    main.c                                   0x00000000   Number         0  main.o ABSOLUTE
    stm32f10x_it.c                           0x00000000   Number         0  stm32f10x_it.o ABSOLUTE
    system_stm32f10x.c                       0x00000000   Number         0  system_stm32f10x.o ABSOLUTE
    RESET                                    0x08000000   Section      304  startup_stm32f10x_hd.o(RESET)
    !!!main                                  0x08000130   Section        8  __main.o(!!!main)
    !!!scatter                               0x08000138   Section       52  __scatter.o(!!!scatter)
    !!handler_copy                           0x0800016c   Section       26  __scatter_copy.o(!!handler_copy)
    !!handler_zi                             0x08000188   Section       28  __scatter_zi.o(!!handler_zi)
    .ARM.Collect$$_printf_percent$$00000000  0x080001a4   Section        0  _printf_percent.o(.ARM.Collect$$_printf_percent$$00000000)
    .ARM.Collect$$_printf_percent$$00000003  0x080001a4   Section        6  _printf_f.o(.ARM.Collect$$_printf_percent$$00000003)
    .ARM.Collect$$_printf_percent$$00000009  0x080001aa   Section        6  _printf_d.o(.ARM.Collect$$_printf_percent$$00000009)
    .ARM.Collect$$_printf_percent$$0000000C  0x080001b0   Section        6  _printf_x.o(.ARM.Collect$$_printf_percent$$0000000C)
    .ARM.Collect$$_printf_percent$$00000013  0x080001b6   Section        6  _printf_c.o(.ARM.Collect$$_printf_percent$$00000013)
    .ARM.Collect$$_printf_percent$$00000017  0x080001bc   Section        4  _printf_percent_end.o(.ARM.Collect$$_printf_percent$$00000017)
    .ARM.Collect$$libinit$$00000000          0x080001c0   Section        2  libinit.o(.ARM.Collect$$libinit$$00000000)
    .ARM.Collect$$libinit$$00000002          0x080001c2   Section        0  libinit2.o(.ARM.Collect$$libinit$$00000002)
    .ARM.Collect$$libinit$$00000004          0x080001c2   Section        0  libinit2.o(.ARM.Collect$$libinit$$00000004)
    .ARM.Collect$$libinit$$0000000A          0x080001c2   Section        0  libinit2.o(.ARM.Collect$$libinit$$0000000A)
    .ARM.Collect$$libinit$$0000000C          0x080001c2   Section        0  libinit2.o(.ARM.Collect$$libinit$$0000000C)
    .ARM.Collect$$libinit$$0000000E          0x080001c2   Section        0  libinit2.o(.ARM.Collect$$libinit$$0000000E)
    .ARM.Collect$$libinit$$0000000F          0x080001c2   Section        6  libinit2.o(.ARM.Collect$$libinit$$0000000F)
    .ARM.Collect$$libinit$$00000011          0x080001c8   Section        0  libinit2.o(.ARM.Collect$$libinit$$00000011)
    .ARM.Collect$$libinit$$00000013          0x080001c8   Section        0  libinit2.o(.ARM.Collect$$libinit$$00000013)
    .ARM.Collect$$libinit$$00000015          0x080001c8   Section        0  libinit2.o(.ARM.Collect$$libinit$$00000015)
    .ARM.Collect$$libinit$$00000016          0x080001c8   Section       10  libinit2.o(.ARM.Collect$$libinit$$00000016)
    .ARM.Collect$$libinit$$00000017          0x080001d2   Section        0  libinit2.o(.ARM.Collect$$libinit$$00000017)
    .ARM.Collect$$libinit$$00000019          0x080001d2   Section        0  libinit2.o(.ARM.Collect$$libinit$$00000019)
    .ARM.Collect$$libinit$$0000001B          0x080001d2   Section        0  libinit2.o(.ARM.Collect$$libinit$$0000001B)
    .ARM.Collect$$libinit$$0000001D          0x080001d2   Section        0  libinit2.o(.ARM.Collect$$libinit$$0000001D)
    .ARM.Collect$$libinit$$0000001F          0x080001d2   Section        0  libinit2.o(.ARM.Collect$$libinit$$0000001F)
    .ARM.Collect$$libinit$$00000021          0x080001d2   Section        0  libinit2.o(.ARM.Collect$$libinit$$00000021)
    .ARM.Collect$$libinit$$00000023          0x080001d2   Section        0  libinit2.o(.ARM.Collect$$libinit$$00000023)
    .ARM.Collect$$libinit$$00000025          0x080001d2   Section        0  libinit2.o(.ARM.Collect$$libinit$$00000025)
    .ARM.Collect$$libinit$$0000002C          0x080001d2   Section        0  libinit2.o(.ARM.Collect$$libinit$$0000002C)
    .ARM.Collect$$libinit$$0000002E          0x080001d2   Section        0  libinit2.o(.ARM.Collect$$libinit$$0000002E)
    .ARM.Collect$$libinit$$00000030          0x080001d2   Section        0  libinit2.o(.ARM.Collect$$libinit$$00000030)
    .ARM.Collect$$libinit$$00000032          0x080001d2   Section        0  libinit2.o(.ARM.Collect$$libinit$$00000032)
    .ARM.Collect$$libinit$$00000033          0x080001d2   Section        2  libinit2.o(.ARM.Collect$$libinit$$00000033)
    .ARM.Collect$$libshutdown$$00000000      0x080001d4   Section        2  libshutdown.o(.ARM.Collect$$libshutdown$$00000000)
    .ARM.Collect$$libshutdown$$00000002      0x080001d6   Section        0  libshutdown2.o(.ARM.Collect$$libshutdown$$00000002)
    .ARM.Collect$$libshutdown$$00000004      0x080001d6   Section        0  libshutdown2.o(.ARM.Collect$$libshutdown$$00000004)
    .ARM.Collect$$libshutdown$$00000007      0x080001d6   Section        0  libshutdown2.o(.ARM.Collect$$libshutdown$$00000007)
    .ARM.Collect$$libshutdown$$0000000A      0x080001d6   Section        0  libshutdown2.o(.ARM.Collect$$libshutdown$$0000000A)
    .ARM.Collect$$libshutdown$$0000000C      0x080001d6   Section        0  libshutdown2.o(.ARM.Collect$$libshutdown$$0000000C)
    .ARM.Collect$$libshutdown$$0000000F      0x080001d6   Section        0  libshutdown2.o(.ARM.Collect$$libshutdown$$0000000F)
    .ARM.Collect$$libshutdown$$00000010      0x080001d6   Section        2  libshutdown2.o(.ARM.Collect$$libshutdown$$00000010)
    .ARM.Collect$$rtentry$$00000000          0x080001d8   Section        0  __rtentry.o(.ARM.Collect$$rtentry$$00000000)
    .ARM.Collect$$rtentry$$00000002          0x080001d8   Section        0  __rtentry2.o(.ARM.Collect$$rtentry$$00000002)
    .ARM.Collect$$rtentry$$00000004          0x080001d8   Section        6  __rtentry4.o(.ARM.Collect$$rtentry$$00000004)
    .ARM.Collect$$rtentry$$00000009          0x080001de   Section        0  __rtentry2.o(.ARM.Collect$$rtentry$$00000009)
    .ARM.Collect$$rtentry$$0000000A          0x080001de   Section        4  __rtentry2.o(.ARM.Collect$$rtentry$$0000000A)
    .ARM.Collect$$rtentry$$0000000C          0x080001e2   Section        0  __rtentry2.o(.ARM.Collect$$rtentry$$0000000C)
    .ARM.Collect$$rtentry$$0000000D          0x080001e2   Section        8  __rtentry2.o(.ARM.Collect$$rtentry$$0000000D)
    .ARM.Collect$$rtexit$$00000000           0x080001ea   Section        2  rtexit.o(.ARM.Collect$$rtexit$$00000000)
    .ARM.Collect$$rtexit$$00000002           0x080001ec   Section        0  rtexit2.o(.ARM.Collect$$rtexit$$00000002)
    .ARM.Collect$$rtexit$$00000003           0x080001ec   Section        4  rtexit2.o(.ARM.Collect$$rtexit$$00000003)
    .ARM.Collect$$rtexit$$00000004           0x080001f0   Section        6  rtexit2.o(.ARM.Collect$$rtexit$$00000004)
    .text                                    0x080001f8   Section        0  main.o(.text)
    .text                                    0x080003fc   Section        0  stm32f10x_it.o(.text)
    .text                                    0x08000418   Section        0  system_stm32f10x.o(.text)
    SetSysClockTo72                          0x08000419   Thumb Code   214  system_stm32f10x.o(.text)
    SetSysClock                              0x080004ef   Thumb Code     8  system_stm32f10x.o(.text)
    .text                                    0x080005f8   Section        0  led.o(.text)
    .text                                    0x08000650   Section        0  24cxx.o(.text)
    .text                                    0x080007cc   Section        0  myiic.o(.text)
    .text                                    0x08000a6c   Section        0  key.o(.text)
    .text                                    0x08000b58   Section        0  bmp180.o(.text)
    .text                                    0x0800102c   Section        0  delay.o(.text)
    .text                                    0x08001100   Section        0  usart.o(.text)
    .text                                    0x08001244   Section       64  startup_stm32f10x_hd.o(.text)
    .text                                    0x08001284   Section        0  stm32f10x_gpio.o(.text)
    .text                                    0x080015e0   Section        0  stm32f10x_rcc.o(.text)
    .text                                    0x08001984   Section        0  stm32f10x_usart.o(.text)
    .text                                    0x08001d8c   Section        0  misc.o(.text)
    .text                                    0x08001e68   Section        2  use_no_semi_2.o(.text)
    .text                                    0x08001e6c   Section        0  noretval__2printf.o(.text)
    .text                                    0x08001e84   Section        0  _printf_str.o(.text)
    .text                                    0x08001ed8   Section        0  _printf_dec.o(.text)
    .text                                    0x08001f50   Section        0  _printf_hex_int.o(.text)
    .text                                    0x08001fa8   Section        0  __printf_ss_wp.o(.text)
    .text                                    0x08002108   Section        0  heapauxi.o(.text)
    .text                                    0x0800210e   Section        2  use_no_semi.o(.text)
    .text                                    0x08002110   Section        0  _rserrno.o(.text)
    .text                                    0x08002126   Section        0  _printf_intcommon.o(.text)
    .text                                    0x080021d8   Section        0  _printf_fp_dec.o(.text)
    _fp_digits                               0x080021db   Thumb Code   428  _printf_fp_dec.o(.text)
    .text                                    0x080025f2   Section        0  _printf_char.o(.text)
    .text                                    0x08002620   Section        0  _printf_char_file.o(.text)
    .text                                    0x08002644   Section        8  rt_locale_intlibspace.o(.text)
    .text                                    0x0800264c   Section        8  rt_errno_addr_intlibspace.o(.text)
    .text                                    0x08002654   Section      138  lludiv10.o(.text)
    .text                                    0x080026e0   Section        0  _printf_char_common.o(.text)
    _printf_input_char                       0x080026e1   Thumb Code    10  _printf_char_common.o(.text)
    .text                                    0x08002710   Section        0  _printf_fp_infnan.o(.text)
    .text                                    0x08002790   Section        0  bigflt0.o(.text)
    .text                                    0x0800286c   Section        0  ferror.o(.text)
    .text                                    0x08002874   Section        8  libspace.o(.text)
    .text                                    0x0800287c   Section       74  sys_stackheap_outer.o(.text)
    .text                                    0x080028c6   Section        0  exit.o(.text)
    .text                                    0x080028d8   Section      128  strcmpv7m.o(.text)
    CL$$btod_d2e                             0x08002958   Section       62  btod.o(CL$$btod_d2e)
    CL$$btod_d2e_denorm_low                  0x08002996   Section       70  btod.o(CL$$btod_d2e_denorm_low)
    CL$$btod_d2e_norm_op1                    0x080029dc   Section       96  btod.o(CL$$btod_d2e_norm_op1)
    CL$$btod_div_common                      0x08002a3c   Section      824  btod.o(CL$$btod_div_common)
    CL$$btod_e2e                             0x08002d74   Section      198  btod.o(CL$$btod_e2e)
    CL$$btod_ediv                            0x08002e3a   Section       40  btod.o(CL$$btod_ediv)
    CL$$btod_emul                            0x08002e62   Section       40  btod.o(CL$$btod_emul)
    CL$$btod_mult_common                     0x08002e8a   Section      580  btod.o(CL$$btod_mult_common)
    i.__ARM_fpclassify                       0x080030ce   Section        0  fpclassify.o(i.__ARM_fpclassify)
    i.__kernel_poly                          0x080030f6   Section        0  poly.o(i.__kernel_poly)
    i.__mathlib_dbl_divzero                  0x080031a0   Section        0  dunder.o(i.__mathlib_dbl_divzero)
    i.__mathlib_dbl_infnan2                  0x080031b0   Section        0  dunder.o(i.__mathlib_dbl_infnan2)
    i.__mathlib_dbl_invalid                  0x080031b4   Section        0  dunder.o(i.__mathlib_dbl_invalid)
    i.__mathlib_dbl_overflow                 0x080031c0   Section        0  dunder.o(i.__mathlib_dbl_overflow)
    i.__mathlib_dbl_underflow                0x080031d0   Section        0  dunder.o(i.__mathlib_dbl_underflow)
    i._is_digit                              0x080031e0   Section        0  __printf_wp.o(i._is_digit)
    i.pow                                    0x080031f0   Section        0  pow.o(i.pow)
    i.sqrt                                   0x08003bc8   Section        0  sqrt.o(i.sqrt)
    locale$$code                             0x08003c14   Section       44  lc_numeric_c.o(locale$$code)
    x$fpl$d2f                                0x08003c40   Section       98  d2f.o(x$fpl$d2f)
    x$fpl$dadd                               0x08003ca4   Section      336  daddsub_clz.o(x$fpl$dadd)
    _dadd1                                   0x08003cb5   Thumb Code     0  daddsub_clz.o(x$fpl$dadd)
    x$fpl$dcheck1                            0x08003df4   Section       16  dcheck1.o(x$fpl$dcheck1)
    x$fpl$dcmpinf                            0x08003e04   Section       24  dcmpi.o(x$fpl$dcmpinf)
    x$fpl$ddiv                               0x08003e1c   Section      688  ddiv.o(x$fpl$ddiv)
    ddiv_entry                               0x08003e23   Thumb Code     0  ddiv.o(x$fpl$ddiv)
    x$fpl$dfix                               0x080040cc   Section       94  dfix.o(x$fpl$dfix)
    x$fpl$dflt                               0x0800412a   Section       46  dflt_clz.o(x$fpl$dflt)
    x$fpl$dleqf                              0x08004158   Section      120  dleqf.o(x$fpl$dleqf)
    x$fpl$dmul                               0x080041d0   Section      340  dmul.o(x$fpl$dmul)
    x$fpl$dnaninf                            0x08004324   Section      156  dnaninf.o(x$fpl$dnaninf)
    x$fpl$dretinf                            0x080043c0   Section       12  dretinf.o(x$fpl$dretinf)
    x$fpl$drleqf                             0x080043cc   Section      108  drleqf.o(x$fpl$drleqf)
    x$fpl$drsb                               0x08004438   Section       22  daddsub_clz.o(x$fpl$drsb)
    x$fpl$dsqrt                              0x08004450   Section      460  dsqrt_noumaal.o(x$fpl$dsqrt)
    x$fpl$dsub                               0x0800461c   Section      468  daddsub_clz.o(x$fpl$dsub)
    _dsub1                                   0x0800462d   Thumb Code     0  daddsub_clz.o(x$fpl$dsub)
    x$fpl$f2d                                0x080047f0   Section       86  f2d.o(x$fpl$f2d)
    x$fpl$fflt                               0x08004848   Section       48  fflt_clz.o(x$fpl$fflt)
    x$fpl$fnaninf                            0x08004878   Section      140  fnaninf.o(x$fpl$fnaninf)
    x$fpl$fretinf                            0x08004904   Section       10  fretinf.o(x$fpl$fretinf)
    x$fpl$printf1                            0x0800490e   Section        4  printf1.o(x$fpl$printf1)
    x$fpl$retnan                             0x08004912   Section      100  retnan.o(x$fpl$retnan)
    x$fpl$scalbn                             0x08004976   Section       92  scalbn.o(x$fpl$scalbn)
    x$fpl$trapveneer                         0x080049d2   Section       48  trapv.o(x$fpl$trapveneer)
    .constdata                               0x08004a02   Section       19  main.o(.constdata)
    x$fpl$usenofp                            0x08004a02   Section        0  usenofp.o(x$fpl$usenofp)
    .constdata                               0x08004a15   Section       40  _printf_hex_int.o(.constdata)
    uc_hextab                                0x08004a15   Data          20  _printf_hex_int.o(.constdata)
    lc_hextab                                0x08004a29   Data          20  _printf_hex_int.o(.constdata)
    .constdata                               0x08004a40   Section      136  pow.o(.constdata)
    bp                                       0x08004a40   Data          16  pow.o(.constdata)
    dp_h                                     0x08004a50   Data          16  pow.o(.constdata)
    dp_l                                     0x08004a60   Data          16  pow.o(.constdata)
    L                                        0x08004a70   Data          48  pow.o(.constdata)
    P                                        0x08004aa0   Data          40  pow.o(.constdata)
    .constdata                               0x08004ac8   Section        8  qnan.o(.constdata)
    .constdata                               0x08004ad0   Section      148  bigflt0.o(.constdata)
    tenpwrs_x                                0x08004ad0   Data          60  bigflt0.o(.constdata)
    tenpwrs_i                                0x08004b0c   Data          64  bigflt0.o(.constdata)
    locale$$data                             0x08004b84   Section       28  lc_numeric_c.o(locale$$data)
    __lcnum_c_name                           0x08004b88   Data           2  lc_numeric_c.o(locale$$data)
    __lcnum_c_start                          0x08004b90   Data           0  lc_numeric_c.o(locale$$data)
    __lcnum_c_point                          0x08004b9c   Data           0  lc_numeric_c.o(locale$$data)
    __lcnum_c_thousands                      0x08004b9e   Data           0  lc_numeric_c.o(locale$$data)
    __lcnum_c_grouping                       0x08004b9f   Data           0  lc_numeric_c.o(locale$$data)
    __lcnum_c_end                            0x08004ba0   Data           0  lc_numeric_c.o(locale$$data)
    .data                                    0x20000000   Section        1  main.o(.data)
    .data                                    0x20000004   Section       20  system_stm32f10x.o(.data)
    .data                                    0x20000018   Section        1  key.o(.data)
    key_up                                   0x20000018   Data           1  key.o(.data)
    .data                                    0x2000001c   Section       36  bmp180.o(.data)
    .data                                    0x20000040   Section        4  delay.o(.data)
    fac_us                                   0x20000040   Data           1  delay.o(.data)
    fac_ms                                   0x20000042   Data           2  delay.o(.data)
    .data                                    0x20000044   Section        6  usart.o(.data)
    .data                                    0x2000004a   Section       20  stm32f10x_rcc.o(.data)
    APBAHBPrescTable                         0x2000004a   Data          16  stm32f10x_rcc.o(.data)
    ADCPrescTable                            0x2000005a   Data           4  stm32f10x_rcc.o(.data)
    .bss                                     0x20000060   Section      200  usart.o(.bss)
    .bss                                     0x20000128   Section       96  libspace.o(.bss)
    HEAP                                     0x20000188   Section      512  startup_stm32f10x_hd.o(HEAP)
    Heap_Mem                                 0x20000188   Data         512  startup_stm32f10x_hd.o(HEAP)
    STACK                                    0x20000388   Section     1024  startup_stm32f10x_hd.o(STACK)
    Stack_Mem                                0x20000388   Data        1024  startup_stm32f10x_hd.o(STACK)
    __initial_sp                             0x20000788   Data           0  startup_stm32f10x_hd.o(STACK)

    Global Symbols

    Symbol Name                              Value     Ov Type        Size  Object(Section)

    BuildAttributes$$THM_ISAv4$P$D$K$B$S$PE$A:L22UL41UL21$X:L11$S22US41US21$IEEE1$IW$USESV6$~STKCKD$USESV7$~SHL$OTIME$ROPI$IEEEX$EBA8$UX$STANDARDLIB$REQ8$PRES8$EABIv2 0x00000000   Number         0  anon$$obj.o ABSOLUTE
    __ARM_use_no_argv                        0x00000000   Number         0  main.o ABSOLUTE
    _printf_flags                            0x00000000   Number         0  printf_stubs.o ABSOLUTE
    _printf_return_value                     0x00000000   Number         0  printf_stubs.o ABSOLUTE
    _printf_sizespec                         0x00000000   Number         0  printf_stubs.o ABSOLUTE
    _printf_widthprec                        0x00000000   Number         0  printf_stubs.o ABSOLUTE
    __ARM_exceptions_init                     - Undefined Weak Reference
    __alloca_initialize                       - Undefined Weak Reference
    __arm_preinit_                            - Undefined Weak Reference
    __cpp_initialize__aeabi_                  - Undefined Weak Reference
    __cxa_finalize                            - Undefined Weak Reference
    __sigvec_lookup                           - Undefined Weak Reference
    _atexit_init                              - Undefined Weak Reference
    _call_atexit_fns                          - Undefined Weak Reference
    _clock_init                               - Undefined Weak Reference
    _fp_trap_init                             - Undefined Weak Reference
    _fp_trap_shutdown                         - Undefined Weak Reference
    _get_lc_collate                           - Undefined Weak Reference
    _get_lc_ctype                             - Undefined Weak Reference
    _get_lc_monetary                          - Undefined Weak Reference
    _get_lc_time                              - Undefined Weak Reference
    _getenv_init                              - Undefined Weak Reference
    _handle_redirection                       - Undefined Weak Reference
    _init_alloc                               - Undefined Weak Reference
    _init_user_alloc                          - Undefined Weak Reference
    _initio                                   - Undefined Weak Reference
    _mutex_acquire                            - Undefined Weak Reference
    _mutex_release                            - Undefined Weak Reference
    _printf_mbtowc                            - Undefined Weak Reference
    _printf_post_padding                      - Undefined Weak Reference
    _printf_pre_padding                       - Undefined Weak Reference
    _printf_truncate_signed                   - Undefined Weak Reference
    _printf_truncate_unsigned                 - Undefined Weak Reference
    _rand_init                                - Undefined Weak Reference
    _signal_finish                            - Undefined Weak Reference
    _signal_init                              - Undefined Weak Reference
    _terminate_alloc                          - Undefined Weak Reference
    _terminate_user_alloc                     - Undefined Weak Reference
    _terminateio                              - Undefined Weak Reference
    __Vectors_Size                           0x00000130   Number         0  startup_stm32f10x_hd.o ABSOLUTE
    __Vectors                                0x08000000   Data           4  startup_stm32f10x_hd.o(RESET)
    __Vectors_End                            0x08000130   Data           0  startup_stm32f10x_hd.o(RESET)
    __main                                   0x08000131   Thumb Code     8  __main.o(!!!main)
    __scatterload                            0x08000139   Thumb Code     0  __scatter.o(!!!scatter)
    __scatterload_rt2                        0x08000139   Thumb Code    44  __scatter.o(!!!scatter)
    __scatterload_rt2_thumb_only             0x08000139   Thumb Code     0  __scatter.o(!!!scatter)
    __scatterload_null                       0x08000147   Thumb Code     0  __scatter.o(!!!scatter)
    __scatterload_copy                       0x0800016d   Thumb Code    26  __scatter_copy.o(!!handler_copy)
    __scatterload_zeroinit                   0x08000189   Thumb Code    28  __scatter_zi.o(!!handler_zi)
    _printf_f                                0x080001a5   Thumb Code     0  _printf_f.o(.ARM.Collect$$_printf_percent$$00000003)
    _printf_percent                          0x080001a5   Thumb Code     0  _printf_percent.o(.ARM.Collect$$_printf_percent$$00000000)
    _printf_d                                0x080001ab   Thumb Code     0  _printf_d.o(.ARM.Collect$$_printf_percent$$00000009)
    _printf_x                                0x080001b1   Thumb Code     0  _printf_x.o(.ARM.Collect$$_printf_percent$$0000000C)
    _printf_c                                0x080001b7   Thumb Code     0  _printf_c.o(.ARM.Collect$$_printf_percent$$00000013)
    _printf_percent_end                      0x080001bd   Thumb Code     0  _printf_percent_end.o(.ARM.Collect$$_printf_percent$$00000017)
    __rt_lib_init                            0x080001c1   Thumb Code     0  libinit.o(.ARM.Collect$$libinit$$00000000)
    __rt_lib_init_fp_1                       0x080001c3   Thumb Code     0  libinit2.o(.ARM.Collect$$libinit$$00000002)
    __rt_lib_init_heap_1                     0x080001c3   Thumb Code     0  libinit2.o(.ARM.Collect$$libinit$$0000000A)
    __rt_lib_init_lc_common                  0x080001c3   Thumb Code     0  libinit2.o(.ARM.Collect$$libinit$$0000000F)
    __rt_lib_init_preinit_1                  0x080001c3   Thumb Code     0  libinit2.o(.ARM.Collect$$libinit$$00000004)
    __rt_lib_init_rand_1                     0x080001c3   Thumb Code     0  libinit2.o(.ARM.Collect$$libinit$$0000000E)
    __rt_lib_init_user_alloc_1               0x080001c3   Thumb Code     0  libinit2.o(.ARM.Collect$$libinit$$0000000C)
    __rt_lib_init_lc_collate_1               0x080001c9   Thumb Code     0  libinit2.o(.ARM.Collect$$libinit$$00000011)
    __rt_lib_init_lc_ctype_1                 0x080001c9   Thumb Code     0  libinit2.o(.ARM.Collect$$libinit$$00000013)
    __rt_lib_init_lc_monetary_1              0x080001c9   Thumb Code     0  libinit2.o(.ARM.Collect$$libinit$$00000015)
    __rt_lib_init_lc_numeric_2               0x080001c9   Thumb Code     0  libinit2.o(.ARM.Collect$$libinit$$00000016)
    __rt_lib_init_alloca_1                   0x080001d3   Thumb Code     0  libinit2.o(.ARM.Collect$$libinit$$0000002E)
    __rt_lib_init_argv_1                     0x080001d3   Thumb Code     0  libinit2.o(.ARM.Collect$$libinit$$0000002C)
    __rt_lib_init_atexit_1                   0x080001d3   Thumb Code     0  libinit2.o(.ARM.Collect$$libinit$$0000001B)
    __rt_lib_init_clock_1                    0x080001d3   Thumb Code     0  libinit2.o(.ARM.Collect$$libinit$$00000021)
    __rt_lib_init_cpp_1                      0x080001d3   Thumb Code     0  libinit2.o(.ARM.Collect$$libinit$$00000032)
    __rt_lib_init_exceptions_1               0x080001d3   Thumb Code     0  libinit2.o(.ARM.Collect$$libinit$$00000030)
    __rt_lib_init_fp_trap_1                  0x080001d3   Thumb Code     0  libinit2.o(.ARM.Collect$$libinit$$0000001F)
    __rt_lib_init_getenv_1                   0x080001d3   Thumb Code     0  libinit2.o(.ARM.Collect$$libinit$$00000023)
    __rt_lib_init_lc_numeric_1               0x080001d3   Thumb Code     0  libinit2.o(.ARM.Collect$$libinit$$00000017)
    __rt_lib_init_lc_time_1                  0x080001d3   Thumb Code     0  libinit2.o(.ARM.Collect$$libinit$$00000019)
    __rt_lib_init_return                     0x080001d3   Thumb Code     0  libinit2.o(.ARM.Collect$$libinit$$00000033)
    __rt_lib_init_signal_1                   0x080001d3   Thumb Code     0  libinit2.o(.ARM.Collect$$libinit$$0000001D)
    __rt_lib_init_stdio_1                    0x080001d3   Thumb Code     0  libinit2.o(.ARM.Collect$$libinit$$00000025)
    __rt_lib_shutdown                        0x080001d5   Thumb Code     0  libshutdown.o(.ARM.Collect$$libshutdown$$00000000)
    __rt_lib_shutdown_cpp_1                  0x080001d7   Thumb Code     0  libshutdown2.o(.ARM.Collect$$libshutdown$$00000002)
    __rt_lib_shutdown_fp_trap_1              0x080001d7   Thumb Code     0  libshutdown2.o(.ARM.Collect$$libshutdown$$00000007)
    __rt_lib_shutdown_heap_1                 0x080001d7   Thumb Code     0  libshutdown2.o(.ARM.Collect$$libshutdown$$0000000F)
    __rt_lib_shutdown_return                 0x080001d7   Thumb Code     0  libshutdown2.o(.ARM.Collect$$libshutdown$$00000010)
    __rt_lib_shutdown_signal_1               0x080001d7   Thumb Code     0  libshutdown2.o(.ARM.Collect$$libshutdown$$0000000A)
    __rt_lib_shutdown_stdio_1                0x080001d7   Thumb Code     0  libshutdown2.o(.ARM.Collect$$libshutdown$$00000004)
    __rt_lib_shutdown_user_alloc_1           0x080001d7   Thumb Code     0  libshutdown2.o(.ARM.Collect$$libshutdown$$0000000C)
    __rt_entry                               0x080001d9   Thumb Code     0  __rtentry.o(.ARM.Collect$$rtentry$$00000000)
    __rt_entry_presh_1                       0x080001d9   Thumb Code     0  __rtentry2.o(.ARM.Collect$$rtentry$$00000002)
    __rt_entry_sh                            0x080001d9   Thumb Code     0  __rtentry4.o(.ARM.Collect$$rtentry$$00000004)
    __rt_entry_li                            0x080001df   Thumb Code     0  __rtentry2.o(.ARM.Collect$$rtentry$$0000000A)
    __rt_entry_postsh_1                      0x080001df   Thumb Code     0  __rtentry2.o(.ARM.Collect$$rtentry$$00000009)
    __rt_entry_main                          0x080001e3   Thumb Code     0  __rtentry2.o(.ARM.Collect$$rtentry$$0000000D)
    __rt_entry_postli_1                      0x080001e3   Thumb Code     0  __rtentry2.o(.ARM.Collect$$rtentry$$0000000C)
    __rt_exit                                0x080001eb   Thumb Code     0  rtexit.o(.ARM.Collect$$rtexit$$00000000)
    __rt_exit_ls                             0x080001ed   Thumb Code     0  rtexit2.o(.ARM.Collect$$rtexit$$00000003)
    __rt_exit_prels_1                        0x080001ed   Thumb Code     0  rtexit2.o(.ARM.Collect$$rtexit$$00000002)
    __rt_exit_exit                           0x080001f1   Thumb Code     0  rtexit2.o(.ARM.Collect$$rtexit$$00000004)
    AT24CXX_Test                             0x080001f9   Thumb Code   178  main.o(.text)
    main                                     0x080002ab   Thumb Code    40  main.o(.text)
    BMP180_Test                              0x080002d3   Thumb Code   100  main.o(.text)
    NMI_Handler                              0x080003fd   Thumb Code     2  stm32f10x_it.o(.text)
    HardFault_Handler                        0x080003ff   Thumb Code     4  stm32f10x_it.o(.text)
    MemManage_Handler                        0x08000403   Thumb Code     4  stm32f10x_it.o(.text)
    BusFault_Handler                         0x08000407   Thumb Code     4  stm32f10x_it.o(.text)
    UsageFault_Handler                       0x0800040b   Thumb Code     4  stm32f10x_it.o(.text)
    SVC_Handler                              0x0800040f   Thumb Code     2  stm32f10x_it.o(.text)
    DebugMon_Handler                         0x08000411   Thumb Code     2  stm32f10x_it.o(.text)
    PendSV_Handler                           0x08000413   Thumb Code     2  stm32f10x_it.o(.text)
    SysTick_Handler                          0x08000415   Thumb Code     2  stm32f10x_it.o(.text)
    SystemInit                               0x080004f7   Thumb Code    78  system_stm32f10x.o(.text)
    SystemCoreClockUpdate                    0x08000545   Thumb Code   142  system_stm32f10x.o(.text)
    LED_Init                                 0x080005f9   Thumb Code    80  led.o(.text)
    AT24CXX_Init                             0x08000651   Thumb Code     8  24cxx.o(.text)
    AT24CXX_ReadOneByte                      0x08000659   Thumb Code    88  24cxx.o(.text)
    AT24CXX_WriteOneByte                     0x080006b1   Thumb Code    80  24cxx.o(.text)
    AT24CXX_WriteLenByte                     0x08000701   Thumb Code    42  24cxx.o(.text)
    AT24CXX_ReadLenByte                      0x0800072b   Thumb Code    44  24cxx.o(.text)
    AT24CXX_Check                            0x08000757   Thumb Code    46  24cxx.o(.text)
    AT24CXX_Read                             0x08000785   Thumb Code    34  24cxx.o(.text)
    AT24CXX_Write                            0x080007a7   Thumb Code    36  24cxx.o(.text)
    IIC_Init                                 0x080007cd   Thumb Code    90  myiic.o(.text)
    IIC_Start                                0x08000827   Thumb Code    72  myiic.o(.text)
    IIC_Stop                                 0x0800086f   Thumb Code    66  myiic.o(.text)
    IIC_Wait_Ack                             0x080008b1   Thumb Code    90  myiic.o(.text)
    IIC_Ack                                  0x0800090b   Thumb Code    70  myiic.o(.text)
    IIC_NAck                                 0x08000951   Thumb Code    70  myiic.o(.text)
    IIC_Send_Byte                            0x08000997   Thumb Code    94  myiic.o(.text)
    IIC_Read_Byte                            0x080009f5   Thumb Code   102  myiic.o(.text)
    KEY_Init                                 0x08000a6d   Thumb Code    72  key.o(.text)
    KEY_Scan                                 0x08000ab5   Thumb Code   150  key.o(.text)
    BMP180_PortInit                          0x08000b59   Thumb Code     8  bmp180.o(.text)
    BMP180_ReadOneByte                       0x08000b61   Thumb Code    48  bmp180.o(.text)
    BMP180_ReadTwoByte                       0x08000b91   Thumb Code    64  bmp180.o(.text)
    Write_OneByteToBMP180                    0x08000bd1   Thumb Code    34  bmp180.o(.text)
    Read_CalibrationData                     0x08000bf3   Thumb Code   240  bmp180.o(.text)
    Get_BMP180UT                             0x08000ce3   Thumb Code    36  bmp180.o(.text)
    Get_BMP180UP                             0x08000d07   Thumb Code    40  bmp180.o(.text)
    Convert_UncompensatedToTrue              0x08000d2f   Thumb Code   464  bmp180.o(.text)
    delay_init                               0x0800102d   Thumb Code    50  delay.o(.text)
    delay_us                                 0x0800105f   Thumb Code    72  delay.o(.text)
    delay_ms                                 0x080010a7   Thumb Code    72  delay.o(.text)
    _sys_exit                                0x08001101   Thumb Code     6  usart.o(.text)
    fputc                                    0x08001107   Thumb Code    24  usart.o(.text)
    uart_init                                0x0800111f   Thumb Code   154  usart.o(.text)
    USART2_IRQHandler                        0x080011b9   Thumb Code   122  usart.o(.text)
    Reset_Handler                            0x08001245   Thumb Code     8  startup_stm32f10x_hd.o(.text)
    ADC1_2_IRQHandler                        0x0800125f   Thumb Code     0  startup_stm32f10x_hd.o(.text)
    ADC3_IRQHandler                          0x0800125f   Thumb Code     0  startup_stm32f10x_hd.o(.text)
    CAN1_RX1_IRQHandler                      0x0800125f   Thumb Code     0  startup_stm32f10x_hd.o(.text)
    CAN1_SCE_IRQHandler                      0x0800125f   Thumb Code     0  startup_stm32f10x_hd.o(.text)
    DMA1_Channel1_IRQHandler                 0x0800125f   Thumb Code     0  startup_stm32f10x_hd.o(.text)
    DMA1_Channel2_IRQHandler                 0x0800125f   Thumb Code     0  startup_stm32f10x_hd.o(.text)
    DMA1_Channel3_IRQHandler                 0x0800125f   Thumb Code     0  startup_stm32f10x_hd.o(.text)
    DMA1_Channel4_IRQHandler                 0x0800125f   Thumb Code     0  startup_stm32f10x_hd.o(.text)
    DMA1_Channel5_IRQHandler                 0x0800125f   Thumb Code     0  startup_stm32f10x_hd.o(.text)
    DMA1_Channel6_IRQHandler                 0x0800125f   Thumb Code     0  startup_stm32f10x_hd.o(.text)
    DMA1_Channel7_IRQHandler                 0x0800125f   Thumb Code     0  startup_stm32f10x_hd.o(.text)
    DMA2_Channel1_IRQHandler                 0x0800125f   Thumb Code     0  startup_stm32f10x_hd.o(.text)
    DMA2_Channel2_IRQHandler                 0x0800125f   Thumb Code     0  startup_stm32f10x_hd.o(.text)
    DMA2_Channel3_IRQHandler                 0x0800125f   Thumb Code     0  startup_stm32f10x_hd.o(.text)
    DMA2_Channel4_5_IRQHandler               0x0800125f   Thumb Code     0  startup_stm32f10x_hd.o(.text)
    EXTI0_IRQHandler                         0x0800125f   Thumb Code     0  startup_stm32f10x_hd.o(.text)
    EXTI15_10_IRQHandler                     0x0800125f   Thumb Code     0  startup_stm32f10x_hd.o(.text)
    EXTI1_IRQHandler                         0x0800125f   Thumb Code     0  startup_stm32f10x_hd.o(.text)
    EXTI2_IRQHandler                         0x0800125f   Thumb Code     0  startup_stm32f10x_hd.o(.text)
    EXTI3_IRQHandler                         0x0800125f   Thumb Code     0  startup_stm32f10x_hd.o(.text)
    EXTI4_IRQHandler                         0x0800125f   Thumb Code     0  startup_stm32f10x_hd.o(.text)
    EXTI9_5_IRQHandler                       0x0800125f   Thumb Code     0  startup_stm32f10x_hd.o(.text)
    FLASH_IRQHandler                         0x0800125f   Thumb Code     0  startup_stm32f10x_hd.o(.text)
    FSMC_IRQHandler                          0x0800125f   Thumb Code     0  startup_stm32f10x_hd.o(.text)
    I2C1_ER_IRQHandler                       0x0800125f   Thumb Code     0  startup_stm32f10x_hd.o(.text)
    I2C1_EV_IRQHandler                       0x0800125f   Thumb Code     0  startup_stm32f10x_hd.o(.text)
    I2C2_ER_IRQHandler                       0x0800125f   Thumb Code     0  startup_stm32f10x_hd.o(.text)
    I2C2_EV_IRQHandler                       0x0800125f   Thumb Code     0  startup_stm32f10x_hd.o(.text)
    PVD_IRQHandler                           0x0800125f   Thumb Code     0  startup_stm32f10x_hd.o(.text)
    RCC_IRQHandler                           0x0800125f   Thumb Code     0  startup_stm32f10x_hd.o(.text)
    RTCAlarm_IRQHandler                      0x0800125f   Thumb Code     0  startup_stm32f10x_hd.o(.text)
    RTC_IRQHandler                           0x0800125f   Thumb Code     0  startup_stm32f10x_hd.o(.text)
    SDIO_IRQHandler                          0x0800125f   Thumb Code     0  startup_stm32f10x_hd.o(.text)
    SPI1_IRQHandler                          0x0800125f   Thumb Code     0  startup_stm32f10x_hd.o(.text)
    SPI2_IRQHandler                          0x0800125f   Thumb Code     0  startup_stm32f10x_hd.o(.text)
    SPI3_IRQHandler                          0x0800125f   Thumb Code     0  startup_stm32f10x_hd.o(.text)
    TAMPER_IRQHandler                        0x0800125f   Thumb Code     0  startup_stm32f10x_hd.o(.text)
    TIM1_BRK_IRQHandler                      0x0800125f   Thumb Code     0  startup_stm32f10x_hd.o(.text)
    TIM1_CC_IRQHandler                       0x0800125f   Thumb Code     0  startup_stm32f10x_hd.o(.text)
    TIM1_TRG_COM_IRQHandler                  0x0800125f   Thumb Code     0  startup_stm32f10x_hd.o(.text)
    TIM1_UP_IRQHandler                       0x0800125f   Thumb Code     0  startup_stm32f10x_hd.o(.text)
    TIM2_IRQHandler                          0x0800125f   Thumb Code     0  startup_stm32f10x_hd.o(.text)
    TIM3_IRQHandler                          0x0800125f   Thumb Code     0  startup_stm32f10x_hd.o(.text)
    TIM4_IRQHandler                          0x0800125f   Thumb Code     0  startup_stm32f10x_hd.o(.text)
    TIM5_IRQHandler                          0x0800125f   Thumb Code     0  startup_stm32f10x_hd.o(.text)
    TIM6_IRQHandler                          0x0800125f   Thumb Code     0  startup_stm32f10x_hd.o(.text)
    TIM7_IRQHandler                          0x0800125f   Thumb Code     0  startup_stm32f10x_hd.o(.text)
    TIM8_BRK_IRQHandler                      0x0800125f   Thumb Code     0  startup_stm32f10x_hd.o(.text)
    TIM8_CC_IRQHandler                       0x0800125f   Thumb Code     0  startup_stm32f10x_hd.o(.text)
    TIM8_TRG_COM_IRQHandler                  0x0800125f   Thumb Code     0  startup_stm32f10x_hd.o(.text)
    TIM8_UP_IRQHandler                       0x0800125f   Thumb Code     0  startup_stm32f10x_hd.o(.text)
    UART4_IRQHandler                         0x0800125f   Thumb Code     0  startup_stm32f10x_hd.o(.text)
    UART5_IRQHandler                         0x0800125f   Thumb Code     0  startup_stm32f10x_hd.o(.text)
    USART1_IRQHandler                        0x0800125f   Thumb Code     0  startup_stm32f10x_hd.o(.text)
    USART3_IRQHandler                        0x0800125f   Thumb Code     0  startup_stm32f10x_hd.o(.text)
    USBWakeUp_IRQHandler                     0x0800125f   Thumb Code     0  startup_stm32f10x_hd.o(.text)
    USB_HP_CAN1_TX_IRQHandler                0x0800125f   Thumb Code     0  startup_stm32f10x_hd.o(.text)
    USB_LP_CAN1_RX0_IRQHandler               0x0800125f   Thumb Code     0  startup_stm32f10x_hd.o(.text)
    WWDG_IRQHandler                          0x0800125f   Thumb Code     0  startup_stm32f10x_hd.o(.text)
    __user_initial_stackheap                 0x08001261   Thumb Code     0  startup_stm32f10x_hd.o(.text)
    GPIO_DeInit                              0x08001285   Thumb Code   172  stm32f10x_gpio.o(.text)
    GPIO_AFIODeInit                          0x08001331   Thumb Code    20  stm32f10x_gpio.o(.text)
    GPIO_Init                                0x08001345   Thumb Code   278  stm32f10x_gpio.o(.text)
    GPIO_StructInit                          0x0800145b   Thumb Code    16  stm32f10x_gpio.o(.text)
    GPIO_ReadInputDataBit                    0x0800146b   Thumb Code    18  stm32f10x_gpio.o(.text)
    GPIO_ReadInputData                       0x0800147d   Thumb Code     8  stm32f10x_gpio.o(.text)
    GPIO_ReadOutputDataBit                   0x08001485   Thumb Code    18  stm32f10x_gpio.o(.text)
    GPIO_ReadOutputData                      0x08001497   Thumb Code     8  stm32f10x_gpio.o(.text)
    GPIO_SetBits                             0x0800149f   Thumb Code     4  stm32f10x_gpio.o(.text)
    GPIO_ResetBits                           0x080014a3   Thumb Code     4  stm32f10x_gpio.o(.text)
    GPIO_WriteBit                            0x080014a7   Thumb Code    10  stm32f10x_gpio.o(.text)
    GPIO_Write                               0x080014b1   Thumb Code     4  stm32f10x_gpio.o(.text)
    GPIO_PinLockConfig                       0x080014b5   Thumb Code    18  stm32f10x_gpio.o(.text)
    GPIO_EventOutputConfig                   0x080014c7   Thumb Code    26  stm32f10x_gpio.o(.text)
    GPIO_EventOutputCmd                      0x080014e1   Thumb Code     6  stm32f10x_gpio.o(.text)
    GPIO_PinRemapConfig                      0x080014e7   Thumb Code   138  stm32f10x_gpio.o(.text)
    GPIO_EXTILineConfig                      0x08001571   Thumb Code    66  stm32f10x_gpio.o(.text)
    GPIO_ETH_MediaInterfaceConfig            0x080015b3   Thumb Code     8  stm32f10x_gpio.o(.text)
    RCC_DeInit                               0x080015e1   Thumb Code    64  stm32f10x_rcc.o(.text)
    RCC_HSEConfig                            0x08001621   Thumb Code    70  stm32f10x_rcc.o(.text)
    RCC_GetFlagStatus                        0x08001667   Thumb Code    56  stm32f10x_rcc.o(.text)
    RCC_WaitForHSEStartUp                    0x0800169f   Thumb Code    56  stm32f10x_rcc.o(.text)
    RCC_AdjustHSICalibrationValue            0x080016d7   Thumb Code    20  stm32f10x_rcc.o(.text)
    RCC_HSICmd                               0x080016eb   Thumb Code     6  stm32f10x_rcc.o(.text)
    RCC_PLLConfig                            0x080016f1   Thumb Code    24  stm32f10x_rcc.o(.text)
    RCC_PLLCmd                               0x08001709   Thumb Code     6  stm32f10x_rcc.o(.text)
    RCC_SYSCLKConfig                         0x0800170f   Thumb Code    18  stm32f10x_rcc.o(.text)
    RCC_GetSYSCLKSource                      0x08001721   Thumb Code    10  stm32f10x_rcc.o(.text)
    RCC_HCLKConfig                           0x0800172b   Thumb Code    18  stm32f10x_rcc.o(.text)
    RCC_PCLK1Config                          0x0800173d   Thumb Code    18  stm32f10x_rcc.o(.text)
    RCC_PCLK2Config                          0x0800174f   Thumb Code    20  stm32f10x_rcc.o(.text)
    RCC_ITConfig                             0x08001763   Thumb Code    26  stm32f10x_rcc.o(.text)
    RCC_USBCLKConfig                         0x0800177d   Thumb Code     8  stm32f10x_rcc.o(.text)
    RCC_ADCCLKConfig                         0x08001785   Thumb Code    18  stm32f10x_rcc.o(.text)
    RCC_LSEConfig                            0x08001797   Thumb Code    50  stm32f10x_rcc.o(.text)
    RCC_LSICmd                               0x080017c9   Thumb Code     6  stm32f10x_rcc.o(.text)
    RCC_RTCCLKConfig                         0x080017cf   Thumb Code    12  stm32f10x_rcc.o(.text)
    RCC_RTCCLKCmd                            0x080017db   Thumb Code     8  stm32f10x_rcc.o(.text)
    RCC_GetClocksFreq                        0x080017e3   Thumb Code   192  stm32f10x_rcc.o(.text)
    RCC_AHBPeriphClockCmd                    0x080018a3   Thumb Code    26  stm32f10x_rcc.o(.text)
    RCC_APB2PeriphClockCmd                   0x080018bd   Thumb Code    26  stm32f10x_rcc.o(.text)
    RCC_APB1PeriphClockCmd                   0x080018d7   Thumb Code    26  stm32f10x_rcc.o(.text)
    RCC_APB2PeriphResetCmd                   0x080018f1   Thumb Code    26  stm32f10x_rcc.o(.text)
    RCC_APB1PeriphResetCmd                   0x0800190b   Thumb Code    26  stm32f10x_rcc.o(.text)
    RCC_BackupResetCmd                       0x08001925   Thumb Code     8  stm32f10x_rcc.o(.text)
    RCC_ClockSecuritySystemCmd               0x0800192d   Thumb Code     6  stm32f10x_rcc.o(.text)
    RCC_MCOConfig                            0x08001933   Thumb Code     6  stm32f10x_rcc.o(.text)
    RCC_ClearFlag                            0x08001939   Thumb Code    14  stm32f10x_rcc.o(.text)
    RCC_GetITStatus                          0x08001947   Thumb Code    20  stm32f10x_rcc.o(.text)
    RCC_ClearITPendingBit                    0x0800195b   Thumb Code     6  stm32f10x_rcc.o(.text)
    USART_DeInit                             0x08001985   Thumb Code   134  stm32f10x_usart.o(.text)
    USART_Init                               0x08001a0b   Thumb Code   210  stm32f10x_usart.o(.text)
    USART_StructInit                         0x08001add   Thumb Code    24  stm32f10x_usart.o(.text)
    USART_ClockInit                          0x08001af5   Thumb Code    34  stm32f10x_usart.o(.text)
    USART_ClockStructInit                    0x08001b17   Thumb Code    12  stm32f10x_usart.o(.text)
    USART_Cmd                                0x08001b23   Thumb Code    24  stm32f10x_usart.o(.text)
    USART_ITConfig                           0x08001b3b   Thumb Code    74  stm32f10x_usart.o(.text)
    USART_DMACmd                             0x08001b85   Thumb Code    18  stm32f10x_usart.o(.text)
    USART_SetAddress                         0x08001b97   Thumb Code    18  stm32f10x_usart.o(.text)
    USART_WakeUpConfig                       0x08001ba9   Thumb Code    18  stm32f10x_usart.o(.text)
    USART_ReceiverWakeUpCmd                  0x08001bbb   Thumb Code    24  stm32f10x_usart.o(.text)
    USART_LINBreakDetectLengthConfig         0x08001bd3   Thumb Code    18  stm32f10x_usart.o(.text)
    USART_LINCmd                             0x08001be5   Thumb Code    24  stm32f10x_usart.o(.text)
    USART_SendData                           0x08001bfd   Thumb Code     8  stm32f10x_usart.o(.text)
    USART_ReceiveData                        0x08001c05   Thumb Code    10  stm32f10x_usart.o(.text)
    USART_SendBreak                          0x08001c0f   Thumb Code    10  stm32f10x_usart.o(.text)
    USART_SetGuardTime                       0x08001c19   Thumb Code    16  stm32f10x_usart.o(.text)
    USART_SetPrescaler                       0x08001c29   Thumb Code    16  stm32f10x_usart.o(.text)
    USART_SmartCardCmd                       0x08001c39   Thumb Code    24  stm32f10x_usart.o(.text)
    USART_SmartCardNACKCmd                   0x08001c51   Thumb Code    24  stm32f10x_usart.o(.text)
    USART_HalfDuplexCmd                      0x08001c69   Thumb Code    24  stm32f10x_usart.o(.text)
    USART_OverSampling8Cmd                   0x08001c81   Thumb Code    22  stm32f10x_usart.o(.text)
    USART_OneBitMethodCmd                    0x08001c97   Thumb Code    24  stm32f10x_usart.o(.text)
    USART_IrDAConfig                         0x08001caf   Thumb Code    18  stm32f10x_usart.o(.text)
    USART_IrDACmd                            0x08001cc1   Thumb Code    24  stm32f10x_usart.o(.text)
    USART_GetFlagStatus                      0x08001cd9   Thumb Code    26  stm32f10x_usart.o(.text)
    USART_ClearFlag                          0x08001cf3   Thumb Code    18  stm32f10x_usart.o(.text)
    USART_GetITStatus                        0x08001d05   Thumb Code    84  stm32f10x_usart.o(.text)
    USART_ClearITPendingBit                  0x08001d59   Thumb Code    52  stm32f10x_usart.o(.text)
    NVIC_PriorityGroupConfig                 0x08001d8d   Thumb Code    10  misc.o(.text)
    NVIC_Init                                0x08001d97   Thumb Code   100  misc.o(.text)
    NVIC_SetVectorTable                      0x08001dfb   Thumb Code    14  misc.o(.text)
    NVIC_SystemLPConfig                      0x08001e09   Thumb Code    34  misc.o(.text)
    SysTick_CLKSourceConfig                  0x08001e2b   Thumb Code    40  misc.o(.text)
    __use_no_semihosting                     0x08001e69   Thumb Code     2  use_no_semi_2.o(.text)
    __2printf                                0x08001e6d   Thumb Code    20  noretval__2printf.o(.text)
    _printf_str                              0x08001e85   Thumb Code    82  _printf_str.o(.text)
    _printf_int_dec                          0x08001ed9   Thumb Code   104  _printf_dec.o(.text)
    _printf_int_hex                          0x08001f51   Thumb Code    84  _printf_hex_int.o(.text)
    _printf_longlong_hex                     0x08001f51   Thumb Code     0  _printf_hex_int.o(.text)
    __printf                                 0x08001fa9   Thumb Code   352  __printf_ss_wp.o(.text)
    __use_two_region_memory                  0x08002109   Thumb Code     2  heapauxi.o(.text)
    __rt_heap_escrow$2region                 0x0800210b   Thumb Code     2  heapauxi.o(.text)
    __rt_heap_expand$2region                 0x0800210d   Thumb Code     2  heapauxi.o(.text)
    __I$use$semihosting                      0x0800210f   Thumb Code     0  use_no_semi.o(.text)
    __use_no_semihosting_swi                 0x0800210f   Thumb Code     2  use_no_semi.o(.text)
    __read_errno                             0x08002111   Thumb Code    10  _rserrno.o(.text)
    __set_errno                              0x0800211b   Thumb Code    12  _rserrno.o(.text)
    _printf_int_common                       0x08002127   Thumb Code   178  _printf_intcommon.o(.text)
    __lib_sel_fp_printf                      0x080021d9   Thumb Code     2  _printf_fp_dec.o(.text)
    _printf_fp_dec_real                      0x08002387   Thumb Code   620  _printf_fp_dec.o(.text)
    _printf_cs_common                        0x080025f3   Thumb Code    20  _printf_char.o(.text)
    _printf_char                             0x08002607   Thumb Code    16  _printf_char.o(.text)
    _printf_string                           0x08002617   Thumb Code     8  _printf_char.o(.text)
    _printf_char_file                        0x08002621   Thumb Code    32  _printf_char_file.o(.text)
    __rt_locale                              0x08002645   Thumb Code     8  rt_locale_intlibspace.o(.text)
    __aeabi_errno_addr                       0x0800264d   Thumb Code     8  rt_errno_addr_intlibspace.o(.text)
    __errno$intlibspace                      0x0800264d   Thumb Code     0  rt_errno_addr_intlibspace.o(.text)
    __rt_errno_addr$intlibspace              0x0800264d   Thumb Code     0  rt_errno_addr_intlibspace.o(.text)
    _ll_udiv10                               0x08002655   Thumb Code   138  lludiv10.o(.text)
    _printf_char_common                      0x080026eb   Thumb Code    32  _printf_char_common.o(.text)
    _printf_fp_infnan                        0x08002711   Thumb Code   112  _printf_fp_infnan.o(.text)
    _btod_etento                             0x08002791   Thumb Code   216  bigflt0.o(.text)
    ferror                                   0x0800286d   Thumb Code     8  ferror.o(.text)
    __user_libspace                          0x08002875   Thumb Code     8  libspace.o(.text)
    __user_perproc_libspace                  0x08002875   Thumb Code     0  libspace.o(.text)
    __user_perthread_libspace                0x08002875   Thumb Code     0  libspace.o(.text)
    __user_setup_stackheap                   0x0800287d   Thumb Code    74  sys_stackheap_outer.o(.text)
    exit                                     0x080028c7   Thumb Code    18  exit.o(.text)
    strcmp                                   0x080028d9   Thumb Code   128  strcmpv7m.o(.text)
    _btod_d2e                                0x08002959   Thumb Code    62  btod.o(CL$$btod_d2e)
    _d2e_denorm_low                          0x08002997   Thumb Code    70  btod.o(CL$$btod_d2e_denorm_low)
    _d2e_norm_op1                            0x080029dd   Thumb Code    96  btod.o(CL$$btod_d2e_norm_op1)
    __btod_div_common                        0x08002a3d   Thumb Code   696  btod.o(CL$$btod_div_common)
    _e2e                                     0x08002d75   Thumb Code   198  btod.o(CL$$btod_e2e)
    _btod_ediv                               0x08002e3b   Thumb Code    40  btod.o(CL$$btod_ediv)
    _btod_emul                               0x08002e63   Thumb Code    40  btod.o(CL$$btod_emul)
    __btod_mult_common                       0x08002e8b   Thumb Code   580  btod.o(CL$$btod_mult_common)
    __ARM_fpclassify                         0x080030cf   Thumb Code    40  fpclassify.o(i.__ARM_fpclassify)
    __kernel_poly                            0x080030f7   Thumb Code   170  poly.o(i.__kernel_poly)
    __mathlib_dbl_divzero                    0x080031a1   Thumb Code    12  dunder.o(i.__mathlib_dbl_divzero)
    __mathlib_dbl_infnan2                    0x080031b1   Thumb Code     4  dunder.o(i.__mathlib_dbl_infnan2)
    __mathlib_dbl_invalid                    0x080031b5   Thumb Code    12  dunder.o(i.__mathlib_dbl_invalid)
    __mathlib_dbl_overflow                   0x080031c1   Thumb Code    14  dunder.o(i.__mathlib_dbl_overflow)
    __mathlib_dbl_underflow                  0x080031d1   Thumb Code    10  dunder.o(i.__mathlib_dbl_underflow)
    _is_digit                                0x080031e1   Thumb Code    14  __printf_wp.o(i._is_digit)
    pow                                      0x080031f1   Thumb Code  2512  pow.o(i.pow)
    sqrt                                     0x08003bc9   Thumb Code    76  sqrt.o(i.sqrt)
    _get_lc_numeric                          0x08003c15   Thumb Code    44  lc_numeric_c.o(locale$$code)
    __aeabi_d2f                              0x08003c41   Thumb Code     0  d2f.o(x$fpl$d2f)
    _d2f                                     0x08003c41   Thumb Code    98  d2f.o(x$fpl$d2f)
    __aeabi_dadd                             0x08003ca5   Thumb Code     0  daddsub_clz.o(x$fpl$dadd)
    _dadd                                    0x08003ca5   Thumb Code   332  daddsub_clz.o(x$fpl$dadd)
    __fpl_dcheck_NaN1                        0x08003df5   Thumb Code    10  dcheck1.o(x$fpl$dcheck1)
    __fpl_dcmp_Inf                           0x08003e05   Thumb Code    24  dcmpi.o(x$fpl$dcmpinf)
    __aeabi_ddiv                             0x08003e1d   Thumb Code     0  ddiv.o(x$fpl$ddiv)
    _ddiv                                    0x08003e1d   Thumb Code   552  ddiv.o(x$fpl$ddiv)
    __aeabi_d2iz                             0x080040cd   Thumb Code     0  dfix.o(x$fpl$dfix)
    _dfix                                    0x080040cd   Thumb Code    94  dfix.o(x$fpl$dfix)
    __aeabi_i2d                              0x0800412b   Thumb Code     0  dflt_clz.o(x$fpl$dflt)
    _dflt                                    0x0800412b   Thumb Code    46  dflt_clz.o(x$fpl$dflt)
    __aeabi_cdcmple                          0x08004159   Thumb Code     0  dleqf.o(x$fpl$dleqf)
    _dcmple                                  0x08004159   Thumb Code   120  dleqf.o(x$fpl$dleqf)
    __fpl_dcmple_InfNaN                      0x080041bb   Thumb Code     0  dleqf.o(x$fpl$dleqf)
    __aeabi_dmul                             0x080041d1   Thumb Code     0  dmul.o(x$fpl$dmul)
    _dmul                                    0x080041d1   Thumb Code   332  dmul.o(x$fpl$dmul)
    __fpl_dnaninf                            0x08004325   Thumb Code   156  dnaninf.o(x$fpl$dnaninf)
    __fpl_dretinf                            0x080043c1   Thumb Code    12  dretinf.o(x$fpl$dretinf)
    __aeabi_cdrcmple                         0x080043cd   Thumb Code     0  drleqf.o(x$fpl$drleqf)
    _drcmple                                 0x080043cd   Thumb Code   108  drleqf.o(x$fpl$drleqf)
    __aeabi_drsub                            0x08004439   Thumb Code     0  daddsub_clz.o(x$fpl$drsb)
    _drsb                                    0x08004439   Thumb Code    22  daddsub_clz.o(x$fpl$drsb)
    _dsqrt                                   0x08004451   Thumb Code   456  dsqrt_noumaal.o(x$fpl$dsqrt)
    __aeabi_dsub                             0x0800461d   Thumb Code     0  daddsub_clz.o(x$fpl$dsub)
    _dsub                                    0x0800461d   Thumb Code   464  daddsub_clz.o(x$fpl$dsub)
    __aeabi_f2d                              0x080047f1   Thumb Code     0  f2d.o(x$fpl$f2d)
    _f2d                                     0x080047f1   Thumb Code    86  f2d.o(x$fpl$f2d)
    __aeabi_i2f                              0x08004849   Thumb Code     0  fflt_clz.o(x$fpl$fflt)
    _fflt                                    0x08004849   Thumb Code    48  fflt_clz.o(x$fpl$fflt)
    __fpl_fnaninf                            0x08004879   Thumb Code   140  fnaninf.o(x$fpl$fnaninf)
    __fpl_fretinf                            0x08004905   Thumb Code    10  fretinf.o(x$fpl$fretinf)
    _printf_fp_dec                           0x0800490f   Thumb Code     4  printf1.o(x$fpl$printf1)
    __fpl_return_NaN                         0x08004913   Thumb Code   100  retnan.o(x$fpl$retnan)
    __ARM_scalbn                             0x08004977   Thumb Code    92  scalbn.o(x$fpl$scalbn)
    __fpl_cmpreturn                          0x080049d3   Thumb Code    48  trapv.o(x$fpl$trapveneer)
    TEXT_Buffer                              0x08004a02   Data          19  main.o(.constdata)
    __I$use$fp                               0x08004a02   Number         0  usenofp.o(x$fpl$usenofp)
    __mathlib_zero                           0x08004ac8   Data           8  qnan.o(.constdata)
    Region$$Table$$Base                      0x08004b64   Number         0  anon$$obj.o(Region$$Table)
    Region$$Table$$Limit                     0x08004b84   Number         0  anon$$obj.o(Region$$Table)
    BMP180_ID                                0x20000000   Data           1  main.o(.data)
    SystemCoreClock                          0x20000004   Data           4  system_stm32f10x.o(.data)
    AHBPrescTable                            0x20000008   Data          16  system_stm32f10x.o(.data)
    AC1                                      0x2000001c   Data           2  bmp180.o(.data)
    AC2                                      0x2000001e   Data           2  bmp180.o(.data)
    AC3                                      0x20000020   Data           2  bmp180.o(.data)
    AC4                                      0x20000022   Data           2  bmp180.o(.data)
    AC5                                      0x20000024   Data           2  bmp180.o(.data)
    AC6                                      0x20000026   Data           2  bmp180.o(.data)
    B1                                       0x20000028   Data           2  bmp180.o(.data)
    B2                                       0x2000002a   Data           2  bmp180.o(.data)
    MB                                       0x2000002c   Data           2  bmp180.o(.data)
    MC                                       0x2000002e   Data           2  bmp180.o(.data)
    MD                                       0x20000030   Data           2  bmp180.o(.data)
    True_Temp                                0x20000034   Data           4  bmp180.o(.data)
    True_Press                               0x20000038   Data           4  bmp180.o(.data)
    True_Altitude                            0x2000003c   Data           4  bmp180.o(.data)
    __stdout                                 0x20000044   Data           4  usart.o(.data)
    USART_RX_STA                             0x20000048   Data           2  usart.o(.data)
    USART_RX_BUF                             0x20000060   Data         200  usart.o(.bss)
    __libspace_start                         0x20000128   Data          96  libspace.o(.bss)
    __temporary_stack_top$libspace           0x20000188   Data           0  libspace.o(.bss)



==============================================================================

Memory Map of the image

  Image Entry point : 0x08000131

  Load Region LR_IROM1 (Base: 0x08000000, Size: 0x00004c00, Max: 0x000c0000, ABSOLUTE)

    Execution Region ER_IROM1 (Base: 0x08000000, Size: 0x00004ba0, Max: 0x000c0000, ABSOLUTE)

    Base Addr    Size         Type   Attr      Idx    E Section Name        Object

    0x08000000   0x00000130   Data   RO          327    RESET               startup_stm32f10x_hd.o
    0x08000130   0x00000008   Code   RO          444  * !!!main             c_w.l(__main.o)
    0x08000138   0x00000034   Code   RO          760    !!!scatter          c_w.l(__scatter.o)
    0x0800016c   0x0000001a   Code   RO          762    !!handler_copy      c_w.l(__scatter_copy.o)
    0x08000186   0x00000002   PAD
    0x08000188   0x0000001c   Code   RO          764    !!handler_zi        c_w.l(__scatter_zi.o)
    0x080001a4   0x00000000   Code   RO          441    .ARM.Collect$$_printf_percent$$00000000  c_w.l(_printf_percent.o)
    0x080001a4   0x00000006   Code   RO          440    .ARM.Collect$$_printf_percent$$00000003  c_w.l(_printf_f.o)
    0x080001aa   0x00000006   Code   RO          439    .ARM.Collect$$_printf_percent$$00000009  c_w.l(_printf_d.o)
    0x080001b0   0x00000006   Code   RO          438    .ARM.Collect$$_printf_percent$$0000000C  c_w.l(_printf_x.o)
    0x080001b6   0x00000006   Code   RO          437    .ARM.Collect$$_printf_percent$$00000013  c_w.l(_printf_c.o)
    0x080001bc   0x00000004   Code   RO          503    .ARM.Collect$$_printf_percent$$00000017  c_w.l(_printf_percent_end.o)
    0x080001c0   0x00000002   Code   RO          631    .ARM.Collect$$libinit$$00000000  c_w.l(libinit.o)
    0x080001c2   0x00000000   Code   RO          633    .ARM.Collect$$libinit$$00000002  c_w.l(libinit2.o)
    0x080001c2   0x00000000   Code   RO          635    .ARM.Collect$$libinit$$00000004  c_w.l(libinit2.o)
    0x080001c2   0x00000000   Code   RO          638    .ARM.Collect$$libinit$$0000000A  c_w.l(libinit2.o)
    0x080001c2   0x00000000   Code   RO          640    .ARM.Collect$$libinit$$0000000C  c_w.l(libinit2.o)
    0x080001c2   0x00000000   Code   RO          642    .ARM.Collect$$libinit$$0000000E  c_w.l(libinit2.o)
    0x080001c2   0x00000006   Code   RO          643    .ARM.Collect$$libinit$$0000000F  c_w.l(libinit2.o)
    0x080001c8   0x00000000   Code   RO          645    .ARM.Collect$$libinit$$00000011  c_w.l(libinit2.o)
    0x080001c8   0x00000000   Code   RO          647    .ARM.Collect$$libinit$$00000013  c_w.l(libinit2.o)
    0x080001c8   0x00000000   Code   RO          649    .ARM.Collect$$libinit$$00000015  c_w.l(libinit2.o)
    0x080001c8   0x0000000a   Code   RO          650    .ARM.Collect$$libinit$$00000016  c_w.l(libinit2.o)
    0x080001d2   0x00000000   Code   RO          651    .ARM.Collect$$libinit$$00000017  c_w.l(libinit2.o)
    0x080001d2   0x00000000   Code   RO          653    .ARM.Collect$$libinit$$00000019  c_w.l(libinit2.o)
    0x080001d2   0x00000000   Code   RO          655    .ARM.Collect$$libinit$$0000001B  c_w.l(libinit2.o)
    0x080001d2   0x00000000   Code   RO          657    .ARM.Collect$$libinit$$0000001D  c_w.l(libinit2.o)
    0x080001d2   0x00000000   Code   RO          659    .ARM.Collect$$libinit$$0000001F  c_w.l(libinit2.o)
    0x080001d2   0x00000000   Code   RO          661    .ARM.Collect$$libinit$$00000021  c_w.l(libinit2.o)
    0x080001d2   0x00000000   Code   RO          663    .ARM.Collect$$libinit$$00000023  c_w.l(libinit2.o)
    0x080001d2   0x00000000   Code   RO          665    .ARM.Collect$$libinit$$00000025  c_w.l(libinit2.o)
    0x080001d2   0x00000000   Code   RO          669    .ARM.Collect$$libinit$$0000002C  c_w.l(libinit2.o)
    0x080001d2   0x00000000   Code   RO          671    .ARM.Collect$$libinit$$0000002E  c_w.l(libinit2.o)
    0x080001d2   0x00000000   Code   RO          673    .ARM.Collect$$libinit$$00000030  c_w.l(libinit2.o)
    0x080001d2   0x00000000   Code   RO          675    .ARM.Collect$$libinit$$00000032  c_w.l(libinit2.o)
    0x080001d2   0x00000002   Code   RO          676    .ARM.Collect$$libinit$$00000033  c_w.l(libinit2.o)
    0x080001d4   0x00000002   Code   RO          710    .ARM.Collect$$libshutdown$$00000000  c_w.l(libshutdown.o)
    0x080001d6   0x00000000   Code   RO          719    .ARM.Collect$$libshutdown$$00000002  c_w.l(libshutdown2.o)
    0x080001d6   0x00000000   Code   RO          721    .ARM.Collect$$libshutdown$$00000004  c_w.l(libshutdown2.o)
    0x080001d6   0x00000000   Code   RO          724    .ARM.Collect$$libshutdown$$00000007  c_w.l(libshutdown2.o)
    0x080001d6   0x00000000   Code   RO          727    .ARM.Collect$$libshutdown$$0000000A  c_w.l(libshutdown2.o)
    0x080001d6   0x00000000   Code   RO          729    .ARM.Collect$$libshutdown$$0000000C  c_w.l(libshutdown2.o)
    0x080001d6   0x00000000   Code   RO          732    .ARM.Collect$$libshutdown$$0000000F  c_w.l(libshutdown2.o)
    0x080001d6   0x00000002   Code   RO          733    .ARM.Collect$$libshutdown$$00000010  c_w.l(libshutdown2.o)
    0x080001d8   0x00000000   Code   RO          492    .ARM.Collect$$rtentry$$00000000  c_w.l(__rtentry.o)
    0x080001d8   0x00000000   Code   RO          545    .ARM.Collect$$rtentry$$00000002  c_w.l(__rtentry2.o)
    0x080001d8   0x00000006   Code   RO          557    .ARM.Collect$$rtentry$$00000004  c_w.l(__rtentry4.o)
    0x080001de   0x00000000   Code   RO          547    .ARM.Collect$$rtentry$$00000009  c_w.l(__rtentry2.o)
    0x080001de   0x00000004   Code   RO          548    .ARM.Collect$$rtentry$$0000000A  c_w.l(__rtentry2.o)
    0x080001e2   0x00000000   Code   RO          550    .ARM.Collect$$rtentry$$0000000C  c_w.l(__rtentry2.o)
    0x080001e2   0x00000008   Code   RO          551    .ARM.Collect$$rtentry$$0000000D  c_w.l(__rtentry2.o)
    0x080001ea   0x00000002   Code   RO          681    .ARM.Collect$$rtexit$$00000000  c_w.l(rtexit.o)
    0x080001ec   0x00000000   Code   RO          690    .ARM.Collect$$rtexit$$00000002  c_w.l(rtexit2.o)
    0x080001ec   0x00000004   Code   RO          691    .ARM.Collect$$rtexit$$00000003  c_w.l(rtexit2.o)
    0x080001f0   0x00000006   Code   RO          692    .ARM.Collect$$rtexit$$00000004  c_w.l(rtexit2.o)
    0x080001f6   0x00000002   PAD
    0x080001f8   0x00000204   Code   RO            1    .text               main.o
    0x080003fc   0x0000001a   Code   RO          134    .text               stm32f10x_it.o
    0x08000416   0x00000002   PAD
    0x08000418   0x000001e0   Code   RO          175    .text               system_stm32f10x.o
    0x080005f8   0x00000058   Code   RO          193    .text               led.o
    0x08000650   0x0000017a   Code   RO          205    .text               24cxx.o
    0x080007ca   0x00000002   PAD
    0x080007cc   0x000002a0   Code   RO          217    .text               myiic.o
    0x08000a6c   0x000000ec   Code   RO          229    .text               key.o
    0x08000b58   0x000004d4   Code   RO          242    .text               bmp180.o
    0x0800102c   0x000000d4   Code   RO          261    .text               delay.o
    0x08001100   0x00000144   Code   RO          292    .text               usart.o
    0x08001244   0x00000040   Code   RO          328    .text               startup_stm32f10x_hd.o
    0x08001284   0x0000035c   Code   RO          332    .text               stm32f10x_gpio.o
    0x080015e0   0x000003a4   Code   RO          344    .text               stm32f10x_rcc.o
    0x08001984   0x00000408   Code   RO          358    .text               stm32f10x_usart.o
    0x08001d8c   0x000000dc   Code   RO          370    .text               misc.o
    0x08001e68   0x00000002   Code   RO          384    .text               c_w.l(use_no_semi_2.o)
    0x08001e6a   0x00000002   PAD
    0x08001e6c   0x00000018   Code   RO          388    .text               c_w.l(noretval__2printf.o)
    0x08001e84   0x00000052   Code   RO          392    .text               c_w.l(_printf_str.o)
    0x08001ed6   0x00000002   PAD
    0x08001ed8   0x00000078   Code   RO          394    .text               c_w.l(_printf_dec.o)
    0x08001f50   0x00000058   Code   RO          399    .text               c_w.l(_printf_hex_int.o)
    0x08001fa8   0x00000160   Code   RO          432    .text               c_w.l(__printf_ss_wp.o)
    0x08002108   0x00000006   Code   RO          442    .text               c_w.l(heapauxi.o)
    0x0800210e   0x00000002   Code   RO          490    .text               c_w.l(use_no_semi.o)
    0x08002110   0x00000016   Code   RO          493    .text               c_w.l(_rserrno.o)
    0x08002126   0x000000b2   Code   RO          495    .text               c_w.l(_printf_intcommon.o)
    0x080021d8   0x0000041a   Code   RO          497    .text               c_w.l(_printf_fp_dec.o)
    0x080025f2   0x0000002c   Code   RO          499    .text               c_w.l(_printf_char.o)
    0x0800261e   0x00000002   PAD
    0x08002620   0x00000024   Code   RO          501    .text               c_w.l(_printf_char_file.o)
    0x08002644   0x00000008   Code   RO          562    .text               c_w.l(rt_locale_intlibspace.o)
    0x0800264c   0x00000008   Code   RO          567    .text               c_w.l(rt_errno_addr_intlibspace.o)
    0x08002654   0x0000008a   Code   RO          569    .text               c_w.l(lludiv10.o)
    0x080026de   0x00000002   PAD
    0x080026e0   0x00000030   Code   RO          571    .text               c_w.l(_printf_char_common.o)
    0x08002710   0x00000080   Code   RO          573    .text               c_w.l(_printf_fp_infnan.o)
    0x08002790   0x000000dc   Code   RO          575    .text               c_w.l(bigflt0.o)
    0x0800286c   0x00000008   Code   RO          600    .text               c_w.l(ferror.o)
    0x08002874   0x00000008   Code   RO          615    .text               c_w.l(libspace.o)
    0x0800287c   0x0000004a   Code   RO          618    .text               c_w.l(sys_stackheap_outer.o)
    0x080028c6   0x00000012   Code   RO          622    .text               c_w.l(exit.o)
    0x080028d8   0x00000080   Code   RO          624    .text               c_w.l(strcmpv7m.o)
    0x08002958   0x0000003e   Code   RO          578    CL$$btod_d2e        c_w.l(btod.o)
    0x08002996   0x00000046   Code   RO          580    CL$$btod_d2e_denorm_low  c_w.l(btod.o)
    0x080029dc   0x00000060   Code   RO          579    CL$$btod_d2e_norm_op1  c_w.l(btod.o)
    0x08002a3c   0x00000338   Code   RO          588    CL$$btod_div_common  c_w.l(btod.o)
    0x08002d74   0x000000c6   Code   RO          585    CL$$btod_e2e        c_w.l(btod.o)
    0x08002e3a   0x00000028   Code   RO          582    CL$$btod_ediv       c_w.l(btod.o)
    0x08002e62   0x00000028   Code   RO          581    CL$$btod_emul       c_w.l(btod.o)
    0x08002e8a   0x00000244   Code   RO          587    CL$$btod_mult_common  c_w.l(btod.o)
    0x080030ce   0x00000028   Code   RO          531    i.__ARM_fpclassify  m_ws.l(fpclassify.o)
    0x080030f6   0x000000aa   Code   RO          533    i.__kernel_poly     m_ws.l(poly.o)
    0x080031a0   0x00000010   Code   RO          517    i.__mathlib_dbl_divzero  m_ws.l(dunder.o)
    0x080031b0   0x00000004   Code   RO          519    i.__mathlib_dbl_infnan2  m_ws.l(dunder.o)
    0x080031b4   0x0000000c   Code   RO          520    i.__mathlib_dbl_invalid  m_ws.l(dunder.o)
    0x080031c0   0x0000000e   Code   RO          521    i.__mathlib_dbl_overflow  m_ws.l(dunder.o)
    0x080031ce   0x00000002   PAD
    0x080031d0   0x00000010   Code   RO          523    i.__mathlib_dbl_underflow  m_ws.l(dunder.o)
    0x080031e0   0x0000000e   Code   RO          427    i._is_digit         c_w.l(__printf_wp.o)
    0x080031ee   0x00000002   PAD
    0x080031f0   0x000009d8   Code   RO          481    i.pow               m_ws.l(pow.o)
    0x08003bc8   0x0000004c   Code   RO          537    i.sqrt              m_ws.l(sqrt.o)
    0x08003c14   0x0000002c   Code   RO          605    locale$$code        c_w.l(lc_numeric_c.o)
    0x08003c40   0x00000062   Code   RO          446    x$fpl$d2f           fz_ws.l(d2f.o)
    0x08003ca2   0x00000002   PAD
    0x08003ca4   0x00000150   Code   RO          448    x$fpl$dadd          fz_ws.l(daddsub_clz.o)
    0x08003df4   0x00000010   Code   RO          607    x$fpl$dcheck1       fz_ws.l(dcheck1.o)
    0x08003e04   0x00000018   Code   RO          677    x$fpl$dcmpinf       fz_ws.l(dcmpi.o)
    0x08003e1c   0x000002b0   Code   RO          455    x$fpl$ddiv          fz_ws.l(ddiv.o)
    0x080040cc   0x0000005e   Code   RO          458    x$fpl$dfix          fz_ws.l(dfix.o)
    0x0800412a   0x0000002e   Code   RO          463    x$fpl$dflt          fz_ws.l(dflt_clz.o)
    0x08004158   0x00000078   Code   RO          609    x$fpl$dleqf         fz_ws.l(dleqf.o)
    0x080041d0   0x00000154   Code   RO          468    x$fpl$dmul          fz_ws.l(dmul.o)
    0x08004324   0x0000009c   Code   RO          504    x$fpl$dnaninf       fz_ws.l(dnaninf.o)
    0x080043c0   0x0000000c   Code   RO          506    x$fpl$dretinf       fz_ws.l(dretinf.o)
    0x080043cc   0x0000006c   Code   RO          508    x$fpl$drleqf        fz_ws.l(drleqf.o)
    0x08004438   0x00000016   Code   RO          449    x$fpl$drsb          fz_ws.l(daddsub_clz.o)
    0x0800444e   0x00000002   PAD
    0x08004450   0x000001cc   Code   RO          611    x$fpl$dsqrt         fz_ws.l(dsqrt_noumaal.o)
    0x0800461c   0x000001d4   Code   RO          450    x$fpl$dsub          fz_ws.l(daddsub_clz.o)
    0x080047f0   0x00000056   Code   RO          470    x$fpl$f2d           fz_ws.l(f2d.o)
    0x08004846   0x00000002   PAD
    0x08004848   0x00000030   Code   RO          473    x$fpl$fflt          fz_ws.l(fflt_clz.o)
    0x08004878   0x0000008c   Code   RO          510    x$fpl$fnaninf       fz_ws.l(fnaninf.o)
    0x08004904   0x0000000a   Code   RO          512    x$fpl$fretinf       fz_ws.l(fretinf.o)
    0x0800490e   0x00000004   Code   RO          478    x$fpl$printf1       fz_ws.l(printf1.o)
    0x08004912   0x00000064   Code   RO          679    x$fpl$retnan        fz_ws.l(retnan.o)
    0x08004976   0x0000005c   Code   RO          514    x$fpl$scalbn        fz_ws.l(scalbn.o)
    0x080049d2   0x00000030   Code   RO          687    x$fpl$trapveneer    fz_ws.l(trapv.o)
    0x08004a02   0x00000000   Code   RO          516    x$fpl$usenofp       fz_ws.l(usenofp.o)
    0x08004a02   0x00000013   Data   RO            2    .constdata          main.o
    0x08004a15   0x00000028   Data   RO          400    .constdata          c_w.l(_printf_hex_int.o)
    0x08004a3d   0x00000003   PAD
    0x08004a40   0x00000088   Data   RO          482    .constdata          m_ws.l(pow.o)
    0x08004ac8   0x00000008   Data   RO          535    .constdata          m_ws.l(qnan.o)
    0x08004ad0   0x00000094   Data   RO          576    .constdata          c_w.l(bigflt0.o)
    0x08004b64   0x00000020   Data   RO          758    Region$$Table       anon$$obj.o
    0x08004b84   0x0000001c   Data   RO          604    locale$$data        c_w.l(lc_numeric_c.o)


    Execution Region RW_IRAM1 (Base: 0x20000000, Size: 0x00000788, Max: 0x00018000, ABSOLUTE)

    Base Addr    Size         Type   Attr      Idx    E Section Name        Object

    0x20000000   0x00000001   Data   RW            3    .data               main.o
    0x20000001   0x00000003   PAD
    0x20000004   0x00000014   Data   RW          176    .data               system_stm32f10x.o
    0x20000018   0x00000001   Data   RW          230    .data               key.o
    0x20000019   0x00000003   PAD
    0x2000001c   0x00000024   Data   RW          243    .data               bmp180.o
    0x20000040   0x00000004   Data   RW          262    .data               delay.o
    0x20000044   0x00000006   Data   RW          294    .data               usart.o
    0x2000004a   0x00000014   Data   RW          345    .data               stm32f10x_rcc.o
    0x2000005e   0x00000002   PAD
    0x20000060   0x000000c8   Zero   RW          293    .bss                usart.o
    0x20000128   0x00000060   Zero   RW          616    .bss                c_w.l(libspace.o)
    0x20000188   0x00000200   Zero   RW          326    HEAP                startup_stm32f10x_hd.o
    0x20000388   0x00000400   Zero   RW          325    STACK               startup_stm32f10x_hd.o


==============================================================================

Image component sizes


      Code (inc. data)   RO Data    RW Data    ZI Data      Debug   Object Name

       378          0          0          0          0       2778   24cxx.o
      1236        302          0         36          0       3061   bmp180.o
       212         18          0          4          0       1019   delay.o
       236         14          0          1          0        824   key.o
        88          8          0          0          0        495   led.o
       516        198         19          1          0     234920   main.o
       220         22          0          0          0       1777   misc.o
       672         18          0          0          0       1888   myiic.o
        64         26        304          0       1536        792   startup_stm32f10x_hd.o
       860         38          0          0          0       5709   stm32f10x_gpio.o
        26          0          0          0          0       1170   stm32f10x_it.o
       932         36          0         20          0       8876   stm32f10x_rcc.o
      1032         22          0          0          0       8436   stm32f10x_usart.o
         0          0          0          0          0         32   sys.o
       480         38          0         20          0       1707   system_stm32f10x.o
       324         18          0          6        200       3154   usart.o

    ----------------------------------------------------------------------
      7280        758        355         96       1736     276638   Object Totals
         0          0         32          0          0          0   (incl. Generated)
         4          0          0          8          0          0   (incl. Padding)

    ----------------------------------------------------------------------

      Code (inc. data)   RO Data    RW Data    ZI Data      Debug   Library Member Name

         8          0          0          0          0         68   __main.o
       352          0          0          0          0         88   __printf_ss_wp.o
        14          0          0          0          0         68   __printf_wp.o
         0          0          0          0          0          0   __rtentry.o
        12          0          0          0          0          0   __rtentry2.o
         6          0          0          0          0          0   __rtentry4.o
        52          8          0          0          0          0   __scatter.o
        26          0          0          0          0          0   __scatter_copy.o
        28          0          0          0          0          0   __scatter_zi.o
         6          0          0          0          0          0   _printf_c.o
        44          0          0          0          0        108   _printf_char.o
        48          6          0          0          0         96   _printf_char_common.o
        36          4          0          0          0         80   _printf_char_file.o
         6          0          0          0          0          0   _printf_d.o
       120         16          0          0          0         92   _printf_dec.o
         6          0          0          0          0          0   _printf_f.o
      1050          0          0          0          0        216   _printf_fp_dec.o
       128         16          0          0          0         84   _printf_fp_infnan.o
        88          4         40          0          0         88   _printf_hex_int.o
       178          0          0          0          0         88   _printf_intcommon.o
         0          0          0          0          0          0   _printf_percent.o
         4          0          0          0          0          0   _printf_percent_end.o
        82          0          0          0          0         80   _printf_str.o
         6          0          0          0          0          0   _printf_x.o
        22          0          0          0          0        100   _rserrno.o
       220          4        148          0          0         96   bigflt0.o
      1910        128          0          0          0        672   btod.o
        18          0          0          0          0         80   exit.o
         8          0          0          0          0         68   ferror.o
         6          0          0          0          0        152   heapauxi.o
        44         10         28          0          0         76   lc_numeric_c.o
         2          0          0          0          0          0   libinit.o
        18          0          0          0          0          0   libinit2.o
         2          0          0          0          0          0   libshutdown.o
         2          0          0          0          0          0   libshutdown2.o
         8          4          0          0         96         68   libspace.o
       138          0          0          0          0         80   lludiv10.o
        24          4          0          0          0         84   noretval__2printf.o
         8          4          0          0          0         68   rt_errno_addr_intlibspace.o
         8          4          0          0          0         68   rt_locale_intlibspace.o
         2          0          0          0          0          0   rtexit.o
        10          0          0          0          0          0   rtexit2.o
       128          0          0          0          0         68   strcmpv7m.o
        74          0          0          0          0         80   sys_stackheap_outer.o
         2          0          0          0          0         68   use_no_semi.o
         2          0          0          0          0         68   use_no_semi_2.o
        98          4          0          0          0         92   d2f.o
       826         16          0          0          0        348   daddsub_clz.o
        16          4          0          0          0         68   dcheck1.o
        24          0          0          0          0         68   dcmpi.o
       688        140          0          0          0        208   ddiv.o
        94          4          0          0          0         92   dfix.o
        46          0          0          0          0         68   dflt_clz.o
       120          4          0          0          0         92   dleqf.o
       340         12          0          0          0        104   dmul.o
       156          4          0          0          0         92   dnaninf.o
        12          0          0          0          0         68   dretinf.o
       108          0          0          0          0         80   drleqf.o
       460         56          0          0          0        120   dsqrt_noumaal.o
        86          4          0          0          0         84   f2d.o
        48          0          0          0          0         68   fflt_clz.o
       140          4          0          0          0         84   fnaninf.o
        10          0          0          0          0         68   fretinf.o
         4          0          0          0          0         68   printf1.o
       100          0          0          0          0         68   retnan.o
        92          0          0          0          0         68   scalbn.o
        48          0          0          0          0         68   trapv.o
         0          0          0          0          0          0   usenofp.o
        62         10          0          0          0        340   dunder.o
        40          0          0          0          0         68   fpclassify.o
       170          0          0          0          0         96   poly.o
      2520        190        136          0          0        324   pow.o
         0          0          8          0          0          0   qnan.o
        76          0          0          0          0         84   sqrt.o

    ----------------------------------------------------------------------
     11362        664        363          0         96       6040   Library Totals
        22          0          3          0          0          0   (incl. Padding)

    ----------------------------------------------------------------------

      Code (inc. data)   RO Data    RW Data    ZI Data      Debug   Library Name

      4956        212        216          0         96       3052   c_w.l
      3516        252          0          0          0       2076   fz_ws.l
      2868        200        144          0          0        912   m_ws.l

    ----------------------------------------------------------------------
     11362        664        363          0         96       6040   Library Totals

    ----------------------------------------------------------------------

==============================================================================


      Code (inc. data)   RO Data    RW Data    ZI Data      Debug   

     18642       1422        718         96       1832     278410   Grand Totals
     18642       1422        718         96       1832     278410   ELF Image Totals
     18642       1422        718         96          0          0   ROM Totals

==============================================================================

    Total RO  Size (Code + RO Data)                19360 (  18.91kB)
    Total RW  Size (RW Data + ZI Data)              1928 (   1.88kB)
    Total ROM Size (Code + RO Data + RW Data)      19456 (  19.00kB)

==============================================================================

