<html>
<body>
<pre>
<h1>µVision Build Log</h1>
<h2>Tool Versions:</h2>
IDE-Version: ¦ÌVision V5.20.0.0
Copyright (C) 2016 ARM Ltd and ARM Germany GmbH. All rights reserved.
License Information: xxxlzjxxx xxxlzjxxx, xxxlzjxxx CO,.LTD, LIC=50DY8-3I2JP-C0HN2-9STPD-TE5BR-IVHX7
 
Tool Versions:
Toolchain:       MDK-ARM Professional  Version: 5.20
Toolchain Path:  D:\keil for arm v5\ARM\ARMCC\Bin
C Compiler:      Armcc.exe V5.06 update 2 (build 183)
Assembler:       Armasm.exe V5.06 update 2 (build 183)
Linker/Locator:  ArmLink.exe V5.06 update 2 (build 183)
Library Manager: ArmAr.exe V5.06 update 2 (build 183)
Hex Converter:   FromElf.exe V5.06 update 2 (build 183)
CPU DLL:         SARMCM3.DLL V5.20
Dialog DLL:      DARMSTM.DLL V1.66.0.0
Target DLL:      STLink\ST-LINKIII-KEIL_SWO.dll V2.0.18.0
Dialog DLL:      TARMSTM.DLL V1.65.0.0
 
<h2>Project:</h2>
E:\GitHub\NUCLEO-F103RB_PACK\NUCLEO-PRJ\SPI FLASH\USER\SPI.uvprojx
Project File Date:  09/29/2016

<h2>Output:</h2>
*** Using Compiler 'V5.06 update 2 (build 183)', folder: 'D:\keil for arm v5\ARM\ARMCC\Bin'
Build target 'Target 1'
compiling stm32f10x_it.c...
compiling system_stm32f10x.c...
compiling main.c...
compiling led.c...
compiling key.c...
compiling lcd.c...
compiling spi.c...
compiling delay.c...
compiling flash.c...
compiling sys.c...
compiling usart.c...
assembling startup_stm32f10x_md.s...
compiling core_cm3.c...
compiling stm32f10x_rcc.c...
compiling stm32f10x_usart.c...
compiling stm32f10x_gpio.c...
compiling misc.c...
compiling stm32f10x_spi.c...
linking...
Program Size: Code=7368 RO-data=288 RW-data=56 ZI-data=5952  
FromELF: creating hex file...
"..\OBJ\SPI.axf" - 0 Error(s), 0 Warning(s).

<h2>Collection of Component include folders:</h2>
  E:\GitHub\NUCLEO-F103RB_PACK\NUCLEO-PRJ\SPI FLASH\USER\RTE
  D:\keil for arm v5\PACK\Keil\STM32F1xx_DFP\2.1.0\Device\Include

<h2>Collection of Component Files used:</h2>
Build Time Elapsed:  00:00:25
</pre>
</body>
</html>
